[www.xverse.app/index.html]
[backblue.gif]
[fade.gif]
[index.html]
[cdn.prod.website-files.com/624b08d53d7ac60ccfc11d8d/css/xverse-web.shared.209063860.min.css]
[cdn.prod.website-files.com/624b08d53d7ac60ccfc11d8d/64637a04ad4e523a3e07675c_32x32.png]
[cdn.prod.website-files.com/624b08d53d7ac60ccfc11d8d/64637a0aafc684e4c2627b56_webclip.png]
[assets.website-files.com/624b08d53d7ac60ccfc11d8d/624b08d53d7ac65f61c11deb_Satoshi-Regular.woff]
[assets.website-files.com/624b08d53d7ac60ccfc11d8d/624b08d53d7ac653d8c11dec_Satoshi-Medium.woff]
[assets.website-files.com/624b08d53d7ac60ccfc11d8d/624b08d53d7ac665e0c11dea_Satoshi-Bold.woff]
[assets.website-files.com/624b08d53d7ac60ccfc11d8d/css/xverse-web.88defa45b.min.css]
[assets.website-files.com/624b08d53d7ac60ccfc11d8d/js/xverse-web.f209776b7.js]
[www.googletagmanager.com/gtag/jsbcc4]
[cdn.prod.website-files.com/624b08d53d7ac60ccfc11d8d/645d01e85e0969992e9e4caa_Full_Logo.webp]
[app.optibase.io/script.js]
[www.xverse.app/blog.html]
[wallet.xverse.app/explore.html]
[www.xverse.app/api.html]
[docs.xverse.app/sats-connect.html]
[support.xverse.app/hc/en-us.13.delayed]
[wallet.xverse.app/earn/stacking.html]
[www.xverse.app/download.html]
[cdn.prod.website-files.com/624b08d53d7ac60ccfc11d8d/6465de3f9331310eb79d040a_Group 13436.svg]
[cdn.prod.website-files.com/624b08d53d7ac60ccfc11d8d/663dd3c03a18cce2671fa177_Group 13840.svg]
[cdn.prod.website-files.com/624b08d53d7ac60ccfc11d8d/663dd6fc78b32ee6f17b625c_Dashboard - Coins (2).webp]
[cdn.prod.website-files.com/624b08d53d7ac60ccfc11d8d/6687f6877f173785a9b339e9_dashboard_hero.webp]
[cdn.prod.website-files.com/624b08d53d7ac60ccfc11d8d/663ddd93c8f8364d0a634172_Frame 13848 (2)-min.webp]
[www.xverse.app/ordinals-wallet.html]
[www.xverse.app/blog/rare-satoshis.html]
[cdn.prod.website-files.com/624b08d53d7ac60ccfc11d8d/67a22e8f79607efb2ee880d7_hardware_wallets (3).webp]
[www.xverse.app/ledger-hardware-wallet-support.html]
[www.xverse.app/keystone-cold-wallet-support.html]
[cdn.prod.website-files.com/624b08d53d7ac60ccfc11d8d/663ddd93b715de62b39a154d_Frame 13848 (1)-min.webp]
[www.xverse.app/blog/earn-bitcoin-by-stacking-with-xverse-wallet.html]
[cdn.prod.website-files.com/624b08d53d7ac60ccfc11d8d/663de60f83598dae3f3efcfc_Mask group (8)-min.webp]
[btc.us/index.html]
[alexgo.io/index.html]
[cdn.prod.website-files.com/624b08d53d7ac60ccfc11d8d/663df83bd980a1730c5e3d91_Mask group (9).webp]
[cdn.prod.website-files.com/624b08d53d7ac60ccfc11d8d/663ded38b8b3640b96124762_CoinDesk_logo (1) 1.svg]
[cdn.prod.website-files.com/624b08d53d7ac60ccfc11d8d/645cea153f4f80ab2c443b73_Clip path group.webp]
[cdn.prod.website-files.com/624b08d53d7ac60ccfc11d8d/645cea04b8387a68f7911ee8_Screenshot-2023-04-20-at-10.15 1.webp]
[cdn.prod.website-files.com/624b08d53d7ac60ccfc11d8d/645cea002ad9dd5e38f766df_nftnow.webp]
[cdn.prod.website-files.com/624b08d53d7ac60ccfc11d8d/645ce9fe2120ce091137b7cc_Bitcoin_Magazine_Logos_2_1500x278_crop_center.webp]
[cdn.prod.website-files.com/624b08d53d7ac60ccfc11d8d/645ce9fcbee0f9456ff8971a_bitcoincom.webp]
[cdn.prod.website-files.com/624b08d53d7ac60ccfc11d8d/663ded38efc761c208bf3a5e_bankless 1.svg]
[cdn.prod.website-files.com/624b08d53d7ac60ccfc11d8d/663ded3836e3b7dfa79c48b8_image 332.svg]
[www.xverse.app/uk/home.html]
[www.xverse.app/sc/home.html]
[www.xverse.app/es/home.html]
[xverseapp.notion.site/xverse-brand-public.html]
[www.xverse.app/newsletter.html]
[www.xverse.app/newsroom.html]
[github.com/secretkeylabs.html]
[wallet.xverse.app/earn/btc-staking.html]
[wallet.xverse.app/tools/runes.html]
[www.xverse.app/bitcoin-wallet.html]
[www.xverse.app/stacks-wallet.html]
[www.xverse.app/starknet-wallet.html]
[www.xverse.app/bitcoin-nft-wallet.html]
[www.xverse.app/brc-20-wallet.html]
[www.xverse.app/bitcoin-defi-wallet.html]
[www.xverse.app/bitcoin-l2-wallet.html]
[www.xverse.app/runes-wallet.html]
[www.xverse.app/bitcoin-meme-coins-wallet.html]
[www.xverse.app/mezo-wallet.html]
[www.xverse.app/bitlayer-wallet.html]
[www.xverse.app/sbtc-wallet.html]
[www.xverse.app/crypto-tax-calculator.html]
[www.xverse.app/xverse-earn.html]
[www.xverse.app/privacy.html]
[www.xverse.app/terms.html]
[www.xverse.app/sitemap.xml]
[cdn.prod.website-files.com/624b08d53d7ac60ccfc11d8d/64d35417b3f3207d3134ae73_logo-white 1.png]
[cdn.prod.website-files.com/624b08d53d7ac60ccfc11d8d/63e3d6d3b40e3715e2c1bd63_tiktok-icon 1.svg]
[cdn.prod.website-files.com/624b08d53d7ac60ccfc11d8d/63e3d6d5308376794a6a68f0_iconmonstr-instagram-11 1.svg]
[cdn.prod.website-files.com/624b08d53d7ac60ccfc11d8d/624b08d53d7ac62d41c11def_Vector.svg]
[www.instagram.com/xverseapp/index.html]
[d3e54v103j8qbb.cloudfront.net/js/jquery-3.5.1.min.dc5e7f18c82f4a.js]
[cdn.prod.website-files.com/624b08d53d7ac60ccfc11d8d/js/xverse-web.schunk.36b8fb49256177c8.js]
[www.reddit.com/r/xversewallet/index.html]
[cdn.prod.website-files.com/624b08d53d7ac60ccfc11d8d/js/xverse-web.dd3d9e8f.a95a570483193749.js]
[cdn.prod.website-files.com/624b08d53d7ac60ccfc11d8d/js/xverse-web.schunk.b4159194426a7f50.js]
[cdn.jsdelivr.net/jquery.validation/1.15.0/jquery.validate.min.js]
[www.xverse.app/index.html]
[cdn.prod.website-files.com/624b08d53d7ac60ccfc11d8d/css/xverse-web.shared.209063860.min.css]
[www.googletagmanager.com/ns0433.html]
[assets.website-files.com/624b08d53d7ac60ccfc11d8d/css/xverse-web.88defa45b.min.css]
[www.googletagmanager.com/gtm5445.html]
[static.hotjar.com/c/hotjar-]
[www.xverse.app/team-careers.html]
[cdn.jsdelivr.net/npm/@finsweet/attributes-cmsfilter@1/cmsfilter.js]
[cdn.jsdelivr.net/npm/@finsweet/attributes-cmsload@1/cmsload.js]
[cdn.jsdelivr.net/npm/@finsweet/attributes-cmsnest@1/cmsnest.js]
[cdn.prod.website-files.com/624b08d53d7ac60ccfc11d8d/6627a193f49617be901f4edb_XCircle.svg]
[cdn.prod.website-files.com/624b08d53d7ac60ccfc11d8d/66279831475c5c0c66d6a694_CaretUp.svg]
[cdn.prod.website-files.com/624b08d53d7ac60ccfc11d8d/6626340d387178051f542e14_Vector (16).svg]
[www.xverse.app/blog/bob-token-rewards.html]
[cdn.prod.website-files.com/624b08d53d7ac65cf7c11d91/67e5d85b7ad5a51d51ab5043_3,000,000 $BOB Token Rewards & a $5,000 BTC Raffle Are Up for Grabs on Xverse Earn 2.jpg]
[www.xverse.app/authors/daniel-bowden.html]
[www.xverse.app/blog4390.html]
[www.xverse.app/blogfbde.html]
[www.xverse.app/blog/what-is-starknet.html]
[cdn.prod.website-files.com/624b08d53d7ac65cf7c11d91/6853551c676b033b3db33da7_What Is Starknet_ A Complete Guide.jpg]
[www.xverse.app/blog/bidirectional-btc-and-stx-swaps.html]
[cdn.prod.website-files.com/624b08d53d7ac65cf7c11d91/6810567756b443909c4b662c_Swap STX __ BTC 2.jpg]
[www.xverse.app/blog/xverse-starknet-public-release.html]
[cdn.prod.website-files.com/624b08d53d7ac65cf7c11d91/6835717d5b8d9e20962811cd_Starknet Launch date announcement 2.jpg]
[www.xverse.app/blog/new-fiat-payment-methods-for-btc-and-stx.html]
[cdn.prod.website-files.com/624b08d53d7ac65cf7c11d91/68105606030539fdc6865677_New fiat onramp 2.jpg]
[www.xverse.app/blog/op-cat-op-ctv-and-community-signaling.html]
[cdn.prod.website-files.com/624b08d53d7ac65cf7c11d91/67f86401a489b4b778a5d159_OP_CAT_OP_CTV.jpg]
[www.xverse.app/blog/xverse-earn-explained.html]
[cdn.prod.website-files.com/624b08d53d7ac65cf7c11d91/67d2409e00c794609eb99ebd_Xverse Earn_ Your Gateway to Earning Yield in Bitcoin & Stacks DeFi-min.jpg]
[www.xverse.app/blog/swap-bitcoin-for-stacks.html]
[cdn.prod.website-files.com/624b08d53d7ac65cf7c11d91/67d2393418d8235742a420f0_Bitcoin Logo and Stacks Logo.jpg]
[www.xverse.app/blog/xverse-is-integrating-starknet-l2.html]
[cdn.prod.website-files.com/624b08d53d7ac65cf7c11d91/67cf82a6f3879b47340e6601_Starknet Integration.jpg]
[cdn.prod.website-files.com/624b08d53d7ac65cf7c11d91/67b7af86a833218252b56ab9_Melania swap to BTC.jpg]
[www.xverse.app/blog/what-is-hyperliquid-blockchain.html]
[cdn.prod.website-files.com/624b08d53d7ac65cf7c11d91/67b7b03a659627d37d1586d3_cover.jpg]
[www.xverse.app/blogff8e.html]
[www.xverse.app/blog-categories/starknet.html]
[www.xverse.app/bloge8df.html]
[www.xverse.app/blog5579.html]
[www.xverse.app/blog00ac.html]
[www.xverse.app/blogd5cb.html]
[www.xverse.app/blog-categories/partnerships.html]
[www.xverse.app/blog7225.html]
[www.xverse.app/blog318a.html]
[www.xverse.app/blog.html]
[cdn.prod.website-files.com/624b08d53d7ac60ccfc11d8d/js/xverse-web.0cf3f110.c04361953b6cdb34.js]
[wallet.xverse.app/xverseIcon.png]
[wallet.xverse.app/_next/static/media/26d4368bf94c0ec4-s.p.woff2]
[wallet.xverse.app/_next/static/media/b27868729ad8c262-s.p.woff2]
[wallet.xverse.app/_next/static/media/7e6a2e30184bb114-s.p.woff2]
[wallet.xverse.app/_next/static/css/2874495d4b295c46.css]
[wallet.xverse.app/_next/static/css/bef403e4b51110e5.css]
[wallet.xverse.app/_next/static/chunks/polyfills-42372ed130431b0a.js]
[wallet.xverse.app/_next/static/chunks/webpack-dda017fce26d8915.js]
[wallet.xverse.app/_next/static/chunks/framework-945b357d4a851f4b.js]
[wallet.xverse.app/_next/static/chunks/main-55e6e3c9ee3e14b8.js]
[wallet.xverse.app/_next/static/chunks/pages/_app-348791658c7be577.js]
[wallet.xverse.app/_next/static/chunks/1348-ffce66d0ba36aef7.js]
[wallet.xverse.app/_next/static/chunks/7278-66e144c658925b77.js]
[wallet.xverse.app/_next/static/chunks/pages/explore-230598878ab5869b.js]
[wallet.xverse.app/_next/static/Gk1djKFxrDRvvJGBgmv9F/_buildManifest.js]
[wallet.xverse.app/_next/static/Gk1djKFxrDRvvJGBgmv9F/_ssgManifest.js]
[wallet.xverse.app/xverseLogo.svg]
[wallet.xverse.app/appleLogo.svg]
[wallet.xverse.app/playMarketLogo.svg]
[wallet.xverse.app/_next/static/media/bitcoin.b2106e85.svg]
[wallet.xverse.app/swap.html]
[storage.googleapis.com/featured-dapps/logos/Xverse – Cross-chain swap Featured banner-min (2).png]
[storage.googleapis.com/featured-dapps/banners/Liquidium_banner2.jpg]
[storage.googleapis.com/featured-dapps/banners/xverse_earn_banner.png]
[storage.googleapis.com/featured-dapps/banners/ordio_banner.jpg]
[storage.googleapis.com/featured-dapps/banners/whatthefork.png]
[storage.googleapis.com/featured-dapps/banners/woo_Banner.png]
[storage.googleapis.com/featured-dapps/banners/luminex_banner.jpg]
[storage.googleapis.com/featured-dapps/banners/magic_eden_banner.png]
[storage.googleapis.com/featured-dapps/banners/lisa_banner.png]
[storage.googleapis.com/featured-dapps/logos/Xverse_earn_logo2.png]
[storage.googleapis.com/featured-dapps/logos/Swap.png]
[wallet.xverse.app/xclusive.html]
[storage.googleapis.com/featured-dapps/logos/Xclusive.png]
[wallet.xverse.app/tools/xccelerate.html]
[storage.googleapis.com/featured-dapps/logos/Transaction Accelerator.png]
[storage.googleapis.com/featured-dapps/logos/Mint Runes.png]
[storage.googleapis.com/featured-dapps/logos/Stacking.png]
[storage.googleapis.com/featured-dapps/logos/Mint BRC-20.png]
[wallet.xverse.app/explore.html]
[docs.xverse.app/api.html]
[cdn.prod.website-files.com/624b08d53d7ac60ccfc11d8d/682c53b532da7095abcb7158_XverseAPIhero (1).webp]
[cdn.prod.website-files.com/624b08d53d7ac60ccfc11d8d/681dcc03cba12881ad88a7a9_graph.webp]
[cdn.prod.website-files.com/624b08d53d7ac60ccfc11d8d/68230e107fd69f641f6a647c_apiimg1.webp]
[cdn.prod.website-files.com/624b08d53d7ac60ccfc11d8d/68230e17d68736da37f2a958_apiimg2.webp]
[cdn.prod.website-files.com/624b08d53d7ac60ccfc11d8d/68230e2f1814431ca2115ddb_apiimg4.webp]
[cdn.prod.website-files.com/624b08d53d7ac60ccfc11d8d/681e03e5cce3d4e50c61fcc4_btcRay.webp]
[cdn.prod.website-files.com/624b08d53d7ac60ccfc11d8d/68230e25e7eeae0b4a3dc33d_apiimg3.webp]
[cdn.prod.website-files.com/624b08d53d7ac60ccfc11d8d/6823126eec61123766724fbc_logos_bitflow_logo.jpg]
[cdn.prod.website-files.com/624b08d53d7ac60ccfc11d8d/6823127facef755c1f148b86_logos_dotswap_logo.webp]
[cdn.prod.website-files.com/624b08d53d7ac60ccfc11d8d/6823127fb16a4eedde8e54b7_logos_gamma_logo.jpg]
[cdn.prod.website-files.com/624b08d53d7ac60ccfc11d8d/68233f46bf53ca53a752db0c_genii.webp]
[cdn.prod.website-files.com/624b08d53d7ac60ccfc11d8d/6823127fe79c638d8f2de4bd_logos_Hermetica_Logo.png]
[cdn.prod.website-files.com/624b08d53d7ac60ccfc11d8d/6823127f2fdb78ace3e77737_logos_liquidium_logo.jpg]
[cdn.prod.website-files.com/624b08d53d7ac60ccfc11d8d/68233f09bfa990c8fcc59d15_luminex.webp]
[cdn.prod.website-files.com/624b08d53d7ac60ccfc11d8d/68233f12a19ec32d503f7aa7_magisats.webp]
[cdn.prod.website-files.com/624b08d53d7ac60ccfc11d8d/6823128099466a9c95664a9a_logos_Mintify_Bitcoin_Logo.png]
[cdn.prod.website-files.com/624b08d53d7ac60ccfc11d8d/68233f3d8a65e9c668445e65_runesdex.webp]
[cdn.prod.website-files.com/624b08d53d7ac60ccfc11d8d/68233f33ee73293684d5b2fc_satflow.webp]
[cdn.prod.website-files.com/624b08d53d7ac60ccfc11d8d/6823127ff02b9ccb18216df0_logos_Velar_logo.png]
[www.xverse.app/api.html]
[static-2v.gitbook.com/_next/static/css/3c4d8dc139a267a1.css]
[static-2v.gitbook.com/_next/static/css/608b1b6d17fc917b.css]
[static-2v.gitbook.com/_next/static/css/bbc5e921b5727a4f.css]
[static-2v.gitbook.com/_next/static/css/69a6a94ebf8a22a9.css]
[static-2v.gitbook.com/_next/static/css/cc8873650a0b378a.css]
[static-2v.gitbook.com/_next/static/css/95b358fb5c9305a3.css]
[static-2v.gitbook.com/_next/static/css/a73ed85726fb0435.css]
[static-2v.gitbook.com/_next/static/css/1ae5cc1e03daf8e1.css]
[static-2v.gitbook.com/_next/static/css/c511dcbb282ef6ae.css]
[static-2v.gitbook.com/_next/static/css/e9d0a91983bb5dbf.css]
[static-2v.gitbook.com/_next/static/css/55f9bfc2d65077ab.css]
[static-2v.gitbook.com/_next/static/css/4af9aafd612346fe.css]
[static-2v.gitbook.com/_next/static/chunks/webpack-02826d2b43f99e94.js]
[static-2v.gitbook.com/_next/static/chunks/4bd1b696-07f7ccbfe5af837e.js]
[static-2v.gitbook.com/_next/static/chunks/main-app-e801dc86223ccac4.js]
[static-2v.gitbook.com/_next/static/chunks/1684-f353fdcc940f1c7b.js]
[static-2v.gitbook.com/_next/static/chunks/app/global-error-eeb4a1eef783b898.js]
[static-2v.gitbook.com/_next/static/chunks/8671-dd6e0f5bf0b5f887.js]
[static-2v.gitbook.com/_next/static/chunks/9148-6cbec96d84dc1af1.js]
[static-2v.gitbook.com/_next/static/chunks/923-02ff014fafef6306.js]
[static-2v.gitbook.com/_next/static/chunks/4441-7b26f639dcc9bd44.js]
[static-2v.gitbook.com/_next/static/chunks/6376-e4568152affd3590.js]
[static-2v.gitbook.com/_next/static/chunks/9509-e44162392821521a.js]
[static-2v.gitbook.com/_next/static/chunks/app/sites/static/[mode]/[siteURL]/[siteData]/[pagePath]/page-d0f47107fd474838.js]
[static-2v.gitbook.com/_next/static/chunks/479-478fb85bf33a5e0f.js]
[static-2v.gitbook.com/_next/static/chunks/93-af3c218212f02f86.js]
[static-2v.gitbook.com/_next/static/chunks/app/sites/static/[mode]/[siteURL]/[siteData]/layout-2b3e86deae49a40b.js]
[docs.xverse.app/sats-connect/_gitbook/imaged818.jpg]
[static-2v.gitbook.com/_next/static/chunks/polyfills-42372ed130431b0a.js]
[docs.xverse.app/sats-connect/_gitbook/imagec3e0.jpg]
[docs.xverse.app/sats-connect/wallet-providers.html]
[docs.xverse.app/sats-connect/wallet-providers/getinfo.html]
[docs.xverse.app/sats-connect/wallet-providers/getproviders-and-getproviderbyid.html]
[docs.xverse.app/sats-connect/connecting-to-the-wallet.html]
[docs.xverse.app/sats-connect/connecting-to-the-wallet/connect-to-xverse-wallet.html]
[docs.xverse.app/sats-connect/connecting-to-the-wallet/disconnect-from-xverse-wallet.html]
[docs.xverse.app/sats-connect/connecting-to-the-wallet/connect-to-other-wallets.html]
[docs.xverse.app/sats-connect/connecting-to-the-wallet/connect-to-other-wallets/manage-a-users-default-wallet.html]
[docs.xverse.app/sats-connect/connecting-to-the-wallet/legacy-getaccounts.html]
[docs.xverse.app/sats-connect/wallet-methods.html]
[docs.xverse.app/sats-connect/wallet-methods/request-methods.html]
[docs.xverse.app/sats-connect/wallet-methods/wallet_getaccount.html]
[docs.xverse.app/sats-connect/wallet-methods/wallet_getnetwork.html]
[docs.xverse.app/sats-connect/wallet-methods/wallet_changenetwork.html]
[docs.xverse.app/sats-connect/wallet-methods/xverse-custom-methods.html]
[docs.xverse.app/sats-connect/xverse-wallet-permissions.html]
[docs.xverse.app/sats-connect/xverse-wallet-events.html]
[docs.xverse.app/sats-connect/bitcoin-methods/getaddresses.html]
[docs.xverse.app/sats-connect/bitcoin-methods/signmessage.html]
[docs.xverse.app/sats-connect/bitcoin-methods/signpsbt.html]
[docs.xverse.app/sats-connect/bitcoin-methods/sendtransfer.html]
[docs.xverse.app/sats-connect/bitcoin-methods/signmultipletransactions.html]
[docs.xverse.app/sats-connect/bitcoin-methods/getbalance.html]
[docs.xverse.app/sats-connect/bitcoin-methods/createinscription.html]
[docs.xverse.app/sats-connect/bitcoin-methods/createrepeatinscriptions.html]
[docs.xverse.app/sats-connect/bitcoin-methods/ord_getinscriptions.html]
[docs.xverse.app/sats-connect/bitcoin-methods/ord_sendinscriptions.html]
[docs.xverse.app/sats-connect/bitcoin-methods/runes_getbalance.html]
[docs.xverse.app/sats-connect/bitcoin-methods/runes_transfer.html]
[docs.xverse.app/sats-connect/bitcoin-methods/mint-runes.html]
[docs.xverse.app/sats-connect/bitcoin-methods/mint-runes/runes_estimatemint.html]
[docs.xverse.app/sats-connect/bitcoin-methods/mint-runes/runes_mint.html]
[docs.xverse.app/sats-connect/bitcoin-methods/etch-runes.html]
[docs.xverse.app/sats-connect/bitcoin-methods/etch-runes/runes_estimateetch.html]
[docs.xverse.app/sats-connect/bitcoin-methods/etch-runes/runes_etch.html]
[docs.xverse.app/sats-connect/bitcoin-methods/runes_getorder.html]
[docs.xverse.app/sats-connect/bitcoin-methods/speed-up-a-rune-mint-or-etch-order.html]
[docs.xverse.app/sats-connect/bitcoin-methods/speed-up-a-rune-mint-or-etch-order/runes_estimaterbforder.html]
[docs.xverse.app/sats-connect/bitcoin-methods/speed-up-a-rune-mint-or-etch-order/runes_rbforder.html]
[docs.xverse.app/sats-connect/stacks-methods/stx_getaccounts.html]
[docs.xverse.app/sats-connect/stacks-methods/stx_signmessage.html]
[docs.xverse.app/sats-connect/stacks-methods/stx_signstructuredmessage.html]
[docs.xverse.app/sats-connect/stacks-methods/stx_transferstx.html]
[docs.xverse.app/sats-connect/stacks-methods/stx_signtransaction.html]
[docs.xverse.app/sats-connect/stacks-methods/stx_callcontract.html]
[docs.xverse.app/sats-connect/stacks-methods/stx_deploycontract.html]
[docs.xverse.app/sats-connect/guides/verify-bitcoin-message-signatures.html]
[docs.xverse.app/sats-connect/guides/creating-bitcoin-psbts.html]
[docs.xverse.app/sats-connect/guides/mobile-integration.html]
[docs.xverse.app/sats-connect/guides/next.html]
[github.com/secretkeylabs/sats-connect-example.html]
[github.com/secretkeylabs/dapp-cookie-cutter.html]
[github.com/secretkeylabs/sats-connect/releases.html]
[github.com/secretkeylabs/sats-connect/issues.html]
[docs.xverse.app/cdn-cgi/l/email-protection.html]
[github.com/secretkeylabs/sats-connect.html]
[docs.xverse.app/cdn-cgi/scripts/5c5dd728/cloudflare-static/email-decode.min.js]
[docs.xverse.app/sats-connect/rocket-loader.min.js]
[docs.xverse.app/sats-connect.html]
[support.xverse.app/hc/en-us.html]
[wallet.xverse.app/_next/static/chunks/7066-9fa8f87d4c8b883b.js]
[wallet.xverse.app/_next/static/chunks/8551-2aa9b4120cd40f6e.js]
[wallet.xverse.app/_next/static/chunks/684-efb9ec035be9f8da.js]
[wallet.xverse.app/_next/static/chunks/1524-0053ffe044498da9.js]
[wallet.xverse.app/_next/static/chunks/3253-e83f909d855cc2fb.js]
[wallet.xverse.app/_next/static/chunks/6873-70e1a6ccab076366.js]
[wallet.xverse.app/_next/static/chunks/4314-aa530573c90919e1.js]
[wallet.xverse.app/_next/static/chunks/5251-3b2e6914a839f963.js]
[wallet.xverse.app/_next/static/chunks/4556-64ed1dc12970e0ec.js]
[wallet.xverse.app/earn/stacking.html]
[wallet.xverse.app/_next/static/chunks/pages/earn/stacking-6185ad7c0fd5dd50.js]
[cdn.prod.website-files.com/624b08d53d7ac60ccfc11d8d/67f5238207b622233e1c96e9_download_extension.webp]
[cdn.prod.website-files.com/624b08d53d7ac60ccfc11d8d/67f502ca6c3a627e599c0701_chrome.png]
[cdn.prod.website-files.com/624b08d53d7ac60ccfc11d8d/67f502caf7a1c62dbe3aa720_brave.png]
[cdn.prod.website-files.com/624b08d53d7ac60ccfc11d8d/67f502cbe969ba0ac55b6498_arc.png]
[cdn.prod.website-files.com/624b08d53d7ac60ccfc11d8d/67f5029abaf3c731b9ce6a7c_appstore.png]
[cdn.prod.website-files.com/624b08d53d7ac60ccfc11d8d/67f53c0c7eb5626c3afea256_googleplay.png]
[cdn.prod.website-files.com/624b08d53d7ac60ccfc11d8d/67f523d1e44e19e5b1dee0a2_download_mobile.webp]
[www.xverse.app/download.html]
[cdn.prod.website-files.com/624b08d53d7ac60ccfc11d8d/6465de3f9331310eb79d040a_Group 13436.svg]
[cdn.prod.website-files.com/624b08d53d7ac60ccfc11d8d/663dd3c03a18cce2671fa177_Group 13840.svg]
[cdn.prod.website-files.com/624b08d53d7ac60ccfc11d8d/6686ba4f74179aa3c0c6d41f_Ordinals_Hero.webp]
[cdn.prod.website-files.com/624b08d53d7ac60ccfc11d8d/6686ba5a989935636bd4293e_btc_ordinals.webp]
[www.xverse.app/blog/what-are-ordinals-a-guide-to-nft-inscriptions-on-bitcoin.html]
[www.xverse.app/blog/ledger-ordinals-support-with-xverse.html]
[cdn.prod.website-files.com/624b08d53d7ac60ccfc11d8d/624b08d53d7ac6d241c11e1d_Vector (4).svg]
[www.xverse.app/blog/where-to-buy-bitcoin-ordinals-marketplaces.html]
[www.xverse.app/blog/bitcoin-nfts.html]
[www.xverse.app/ordinals-wallet.html]
[cdn.jsdelivr.net/npm/swiper@8/swiper-bundle.min.js]
[www.xverse.app/blog/rss.xml]
[cdn.jsdelivr.net/npm/@finsweet/attributes-copyclip@1/copyclip.js]
[cdn.jsdelivr.net/npm/@finsweet/attributes-toc@1/toc.js]
[cdn.prod.website-files.com/624b08d53d7ac65cf7c11d91/673b6b8b3ce129e21d3d1ec9_What Are Rare Sats_ A Beginner's Guide to Rare Satoshis-min.jpg]
[www.xverse.app/blog/bitcoin-halving.html]
[cdn.prod.website-files.com/624b08d53d7ac65cf7c11d91/66b3d3f30344e78f23b6dc09_65cb635b216560ab647850ff_GETFggBbIAA_HNM.png]
[cdn.prod.website-files.com/624b08d53d7ac65cf7c11d91/651c2f228b6e9ec4b02ba532_PIiDiTtCI6lA21eQN4GqW6UCOPL-q3yVHYAx93m-PPRTjnUqsMt4uJy2kgFfEMNmRTu5YLFuvyOoCwl7JneSvG8TJhfnx2F5A4mHn9Q2fqAUxtJ-x0jymfbAqQ76ZsNM47ZV8Z8]
[cdn.prod.website-files.com/624b08d53d7ac65cf7c11d91/66b3d3f30344e78f23b6dc0e_65cb63ec16ef293fb8aa3345_GETFhixbsAAlndi.jpg]
[cdn.prod.website-files.com/624b08d53d7ac65cf7c11d91/651c2f22ecfa9b8a029b08ec_rEMeLx761y2GyZMRL94eV_Bu89eRlSnjP4AtsWrGKBYyuH8Li-YcnFIGUK54wF1J7gj0I5zwXiMnekRMNbN3fk6lyaJyqVW7vGV6yd7BjPo1xOrepecKqqi6EVNwtn2Gv3afl2n]
[cdn.prod.website-files.com/624b08d53d7ac60ccfc11d8d/66267e8e1044fc2a80ff876e_Layer_x0020_1.svg]
[cdn.prod.website-files.com/624b08d53d7ac60ccfc11d8d/66267e7a06d6297e2e3c9630_Group (2).svg]
[www.xverse.app/blog/rare-satoshis.html]
[cdn.prod.website-files.com/624b08d53d7ac60ccfc11d8d/66267e638bd26de190b6b059_Link.svg]
[cdn.prod.website-files.com/624b08d53d7ac60ccfc11d8d/6687d0917036466d338af2a7_Ledger_Hero.webp]
[cdn.prod.website-files.com/624b08d53d7ac60ccfc11d8d/6687d0a0cf79da3be4bede69_Ledger_Xverse.webp]
[cdn.prod.website-files.com/624b08d53d7ac60ccfc11d8d/6687d075dd5e2f276671720c_stacking_Big.webp]
[cdn.prod.website-files.com/624b08d53d7ac60ccfc11d8d/6687e911bfbe8ef228f44e1f_ledger_step2.jpg]
[cdn.prod.website-files.com/624b08d53d7ac60ccfc11d8d/6687e91c164260a6abb11742_ledger_step3.jpg]
[cdn.prod.website-files.com/624b08d53d7ac60ccfc11d8d/6687e92e7a3b1cd57d25823a_ledger_step4.jpg]
[www.xverse.app/ledger-hardware-wallet-support.html]
[cdn.prod.website-files.com/624b08d53d7ac60ccfc11d8d/679cdba5fc3fe8079983eae8_hero_keystone.webp]
[cdn.prod.website-files.com/624b08d53d7ac60ccfc11d8d/679cdbb39c2ef0e776196490_keystone_xverse.webp]
[cdn.prod.website-files.com/624b08d53d7ac60ccfc11d8d/679cdf1c09269483294ca071_Keystone x Xverse – 1.webp]
[cdn.prod.website-files.com/624b08d53d7ac60ccfc11d8d/679ce01b5dc0f3395f425604_Keystone x Xverse – 2.webp]
[cdn.prod.website-files.com/624b08d53d7ac60ccfc11d8d/679ce028cc363e59e6cfeb08_Keystone x Xverse – 3.webp]
[www.xverse.app/blog/cold-and-hot-wallet.html]
[www.xverse.app/keystone-cold-wallet-support.html]
[www.xverse.app/blog/bitcoin-runes.html]
[cdn.prod.website-files.com/624b08d53d7ac65cf7c11d91/673e111b4d4ee6a999f64fac_Earn Bitcoin by Stacking with Xverse Wallet (1).jpg]
[www.xverse.app/blog/earn-bitcoin-by-stacking-with-xverse-wallet.html]
[cdn.prod.website-files.com/624b08d53d7ac65cf7c11d91/67a00969b209a3b771c71331_AD_4nXci-UwW_LlYHGMj-Kr1aM9S9l-XB-szd352Zh8cVhlyYvPeKCK11Moi4td5k05dHtDp7LZC8YSA84aHz10zUcLZS1z2Mcs78Xd9fiYFo1kYoLgb3tjSnBSLXwopt323h3p]
[magiceden.io/ordinals/index.html]
[www.xverse.app/indexccde.html]
[cdn.prod.website-files.com/61d268e6d64e470e580c1c1d/css/alexgo-io.shared.4bea26423.min.css]
[ajax.googleapis.com/ajax/libs/webfont/1.6.26/webfont.js]
[cdn.prod.website-files.com/61d268e6d64e470e580c1c1d/6512be8b759a185cbef9a96b_favicon_32.png]
[cdn.prod.website-files.com/61d268e6d64e470e580c1c1d/6512be8dff86602c8d811239_favicon_256.png]
[d3e54v103j8qbb.cloudfront.net/js/jquery-3.5.1.min.dc5e7f18c8ca78.js]
[cdn.prod.website-files.com/61d268e6d64e470e580c1c1d/js/alexgo-io.schunk.039ed449019d8266.js]
[alexgo.io/index.html]
[cdn.prod.website-files.com/61d268e6d64e470e580c1c1d/js/alexgo-io.c9f80112.8f14fdb118ccbbf5.js]
[btc.us/fonts/OpenSauceSans-Light.woff2]
[btc.us/fonts/OpenSauceSans-Regular.woff2]
[btc.us/fonts/OpenSauceSans-Medium.woff2]
[btc.us/fonts/OpenSauceSans-Bold.woff2]
[btc.us/fonts/OpenSauceSans-Black.woff2]
[btc.us/main.css]
[btc.us/manifest.json]
[btc.us/favicon.png]
[btc.us/client/f6b75607190b3ca835b2/main.js]
[btc.us/backgrounds/background.svg]
[btc.us/backgrounds/promotion-background.svg]
[btc.us/backgrounds/background_mobile.svg]
[btc.us/input/modal_cross.svg]
[btc.us/client/f6b75607190b3ca835b2/index.9.js]
[btc.us/graphics/lightning_symbol.svg]
[btc.us/graphics/bitcoin_stacks.svg]
[btc.us/graphics/domain_search.svg]
[btc.us/graphics/domain_register.svg]
[btc.us/graphics/domain_manage.svg]
[btc.us/web-bridge/index.html]
[btc.us/graphics/bitcoin_colored_icon.png]
[btc.us/social/discord.svg]
[github.com/hirosystems/btc-us-website.html]
[btc.us/social/github.svg]
[btc.us/social/twitter.svg]
[btc.us/graphics/bitcoin_white.svg]
[btc.us/index.html]
[cdn.prod.website-files.com/624b08d53d7ac60ccfc11d8d/663ded38b8b3640b96124762_CoinDesk_logo (1) 1.svg]
[cdn.prod.website-files.com/624b08d53d7ac60ccfc11d8d/663ded38efc761c208bf3a5e_bankless 1.svg]
[cdn.prod.website-files.com/624b08d53d7ac60ccfc11d8d/663ded3836e3b7dfa79c48b8_image 332.svg]
[cdn.prod.website-files.com/624b08d53d7ac60ccfc11d8d/66d1a97e44f1acf8c92637d4_hereo_visual_uk.webp]
[cdn.prod.website-files.com/624b08d53d7ac60ccfc11d8d/67f527560115f18ebc59a81d_download_mobile_nobuy.webp]
[www.xverse.app/uk/home.html]
[www.xverse.app/sc/blog.html]
[cdn.prod.website-files.com/624b08d53d7ac60ccfc11d8d/6655e789b91e329e0de4f4dc_CaretDown (1).svg]
[www.xverse.app/sc/home.html]
[www.xverse.app/es/blog.html]
[www.xverse.app/es/home.html]
[xverseapp.notion.site/unsupported-browser.html]
[xverseapp.notion.site/images/favicon.ico]
[xverseapp.notion.site/images/logo-ios.png]
[xverseapp.notion.site/print.e2ba4c31.css]
[xverseapp.notion.site/xverse-brand-public.html]
[www.xverse.app/newsletter.html]
[www.xverse.app/newsroom.html]
[github.githubassets.com/assets/light-c59dc71e3a4c.css]
[github.githubassets.com/assets/light_high_contrast-4bf0cb726930.css]
[github.githubassets.com/assets/dark-89751e879f8b.css]
[github.githubassets.com/assets/dark_high_contrast-67c7180a598a.css]
[github.githubassets.com/assets/light_colorblind-6060e905eb78.css]
[github.githubassets.com/assets/light_colorblind_high_contrast-04e818620b9c.css]
[github.githubassets.com/assets/light_tritanopia-ae65df249e0f.css]
[github.githubassets.com/assets/light_tritanopia_high_contrast-fdadc12a1ec2.css]
[github.githubassets.com/assets/dark_colorblind-4277e18a7c75.css]
[github.githubassets.com/assets/dark_colorblind_high_contrast-2e33ed61bc8c.css]
[github.githubassets.com/assets/dark_tritanopia-48d44d87614d.css]
[github.githubassets.com/assets/dark_tritanopia_high_contrast-6adcb5080302.css]
[github.githubassets.com/assets/dark_dimmed-250cee4c1ea8.css]
[github.githubassets.com/assets/dark_dimmed_high_contrast-e3802beb8c06.css]
[github.githubassets.com/assets/primer-primitives-225433424a87.css]
[github.githubassets.com/assets/primer-b4bd0459f984.css]
[github.githubassets.com/assets/global-40e6f28b18a6.css]
[github.githubassets.com/assets/profile-1832ec223d40.css]
[github.githubassets.com/assets/github-58ac3ad6cb3f.css]
[github.githubassets.com/assets/insights-e68c777ffec1.css]
[github.githubassets.com/assets/high-contrast-cookie-a58297b2ebf8.js]
[github.githubassets.com/assets/wp-runtime-d6302ce309cb.js]
[github.githubassets.com/assets/vendors-node_modules_oddbird_popover-polyfill_dist_popover-fn_js-a8c266e5f126.js]
[github.githubassets.com/assets/vendors-node_modules_github_mini-throttle_dist_index_js-node_modules_stacktrace-parser_dist_s-1d3d52-babac9434833.js]
[github.githubassets.com/assets/ui_packages_failbot_failbot_ts-7cc3ec44644a.js]
[github.githubassets.com/assets/environment-89128d48c6ff.js]
[github.githubassets.com/assets/vendors-node_modules_primer_behaviors_dist_esm_index_mjs-c44edfed7f0d.js]
[github.githubassets.com/assets/vendors-node_modules_github_selector-observer_dist_index_esm_js-cdf2757bd188.js]
[github.githubassets.com/assets/vendors-node_modules_github_relative-time-element_dist_index_js-5913bc24f35d.js]
[github.githubassets.com/assets/vendors-node_modules_github_text-expander-element_dist_index_js-e50fb7a5fe8c.js]
[github.githubassets.com/assets/vendors-node_modules_github_auto-complete-element_dist_index_js-node_modules_github_catalyst_-8e9f78-c1e2fb329866.js]
[github.githubassets.com/assets/vendors-node_modules_github_filter-input-element_dist_index_js-node_modules_github_remote-inp-d8c643-251bc3964eb6.js]
[github.githubassets.com/assets/vendors-node_modules_github_markdown-toolbar-element_dist_index_js-6a8c7d9a08fe.js]
[github.githubassets.com/assets/vendors-node_modules_github_file-attachment-element_dist_index_js-node_modules_primer_view-co-cadbad-fad3eaf3c7ec.js]
[github.githubassets.com/assets/github-elements-5ceffe5aca10.js]
[github.githubassets.com/assets/element-registry-2a91e47d59c9.js]
[github.githubassets.com/assets/vendors-node_modules_braintree_browser-detection_dist_browser-detection_js-node_modules_githu-bb80ec-34c4b68b1dd3.js]
[github.githubassets.com/assets/vendors-node_modules_lit-html_lit-html_js-b93a87060d31.js]
[github.githubassets.com/assets/vendors-node_modules_morphdom_dist_morphdom-esm_js-300e8e4e0414.js]
[github.githubassets.com/assets/vendors-node_modules_fzy_js_index_js-node_modules_github_paste-markdown_dist_index_js-63a26702fa42.js]
[github.githubassets.com/assets/vendors-node_modules_github_turbo_dist_turbo_es2017-esm_js-595819d3686f.js]
[github.githubassets.com/assets/vendors-node_modules_github_remote-form_dist_index_js-node_modules_delegated-events_dist_inde-893f9f-1bcf38e06f01.js]
[github.githubassets.com/assets/vendors-node_modules_color-convert_index_js-1a149db8dc99.js]
[github.githubassets.com/assets/vendors-node_modules_github_quote-selection_dist_index_js-node_modules_github_session-resume_-c1aa61-91618cb63471.js]
[github.githubassets.com/assets/ui_packages_updatable-content_updatable-content_ts-a5daa16ae903.js]
[github.githubassets.com/assets/app_assets_modules_github_behaviors_task-list_ts-app_assets_modules_github_sso_ts-ui_packages-900dde-f953ddf42948.js]
[github.githubassets.com/assets/app_assets_modules_github_sticky-scroll-into-view_ts-e45aabc67d13.js]
[github.githubassets.com/assets/app_assets_modules_github_behaviors_ajax-error_ts-app_assets_modules_github_behaviors_include-d0d0a6-a7da4270c5f4.js]
[github.githubassets.com/assets/app_assets_modules_github_behaviors_commenting_edit_ts-app_assets_modules_github_behaviors_ht-83c235-567e0f340e27.js]
[github.githubassets.com/assets/behaviors-dc0cfb32b2a8.js]
[github.githubassets.com/assets/vendors-node_modules_delegated-events_dist_index_js-node_modules_github_catalyst_lib_index_js-ea8eaa-eefe25567449.js]
[github.githubassets.com/assets/notifications-global-eadae94940d6.js]
[github.githubassets.com/assets/vendors-node_modules_github_remote-form_dist_index_js-node_modules_delegated-events_dist_inde-2ef075-6d8908dda3d2.js]
[github.githubassets.com/assets/profile-e693a0794573.js]
[github.com/opensearch.xml]
[github.com/fluidicon.png]
[github.githubassets.com/favicons/favicon.png]
[github.com/manifest.json]
[github.githubassets.com/assets/primer-react-a57080a0a6e8.js]
[github.githubassets.com/assets/react-core-12b645f1f069.js]
[github.githubassets.com/assets/react-lib-8705026b409a.js]
[github.githubassets.com/assets/octicons-react-9fd6ca6872cc.js]
[github.githubassets.com/assets/vendors-node_modules_emotion_is-prop-valid_dist_emotion-is-prop-valid_esm_js-node_modules_emo-b1c483-b5947865157f.js]
[github.githubassets.com/assets/vendors-node_modules_github_catalyst_lib_index_js-node_modules_primer_live-region-element_dis-b2aea6-bfc50dd77594.js]
[github.githubassets.com/assets/ui_packages_ui-commands_ui-commands_ts-e086dcd555f0.js]
[github.githubassets.com/assets/keyboard-shortcuts-dialog-6bb6aa2945d5.js]
[github.githubassets.com/assets/primer-react.0a68d610e6a57b39f9c5.module.css]
[github.githubassets.com/assets/keyboard-shortcuts-dialog.47de85e2c17af43cefd5.module.css]
[github.githubassets.com/assets/vendors-node_modules_github_remote-form_dist_index_js-node_modules_delegated-events_dist_inde-94fd67-99b04cc350b5.js]
[github.githubassets.com/assets/sessions-eed3aa0554dd.js]
[github.com/login1be2.html]
[github.githubassets.com/assets/ui_packages_document-metadata_document-metadata_ts-ui_packages_promise-with-resolvers-polyfil-40d47c-2b0274d4149e.js]
[github.com/index.html]
[github.githubassets.com/assets/appearance-settings-ca5eb47b4f39.js]
[github.githubassets.com/assets/appearance-settings.4e1ca273f504ba849f8c.module.css]
[github.com/features/copilot.html]
[github.com/features/models.html]
[github.com/security/advanced-security.html]
[github.com/features/actions.html]
[github.com/features/codespaces.html]
[github.com/features/issues.html]
[github.com/features/code-review.html]
[github.com/features/discussions.html]
[github.com/features/code-search.html]
[github.com/why-github.html]
[github.com/features.html]
[github.com/enterprise.html]
[github.com/team.html]
[github.com/enterprise/startups.html]
[github.com/solutions/industry/nonprofits.html]
[github.com/solutions/use-case/devsecops.html]
[github.com/solutions/use-case/devops.html]
[github.com/solutions/use-case/ci-cd.html]
[github.com/solutions/use-case.html]
[github.com/solutions/industry/healthcare.html]
[github.com/solutions/industry/financial-services.html]
[github.com/solutions/industry/manufacturing.html]
[github.com/solutions/industry/government.html]
[github.com/solutions/industry.html]
[github.com/solutions.html]
[github.com/resources/articles/ai.html]
[github.com/resources/articles/devops.html]
[github.com/resources/articles/security.html]
[github.com/resources/articles/software-development.html]
[github.com/resources/articles.html]
[github.com/resources/whitepapers.html]
[github.com/customer-stories.html]
[github.com/solutions/executive-insights.html]
[github.com/sponsors.html]
[github.com/readme.html]
[github.com/topics.html]
[github.com/trending.html]
[github.com/collections.html]
[github.com/features/copilot/copilot-business.html]
[github.com/enterprise/premium-support.html]
[github.com/pricing.html]
[github.com/search/custom_scopes/check_name.21d.delayed]
[github.com/signup5f08.html]
[github.com/orgs/secretkeylabs/repositories.html]
[github.com/orgs/secretkeylabs/projects4494.html]
[github.com/orgs/secretkeylabs/packages.html]
[github.com/orgs/secretkeylabs/people.html]
[github.com/secretkeylabs/sats-connect/stargazers.html]
[github.com/secretkeylabs/sats-connect/forks.html]
[github.com/secretkeylabs/xverse-web-extension.html]
[github.com/secretkeylabs/xverse-web-extension/stargazers.html]
[github.com/secretkeylabs/xverse-web-extension/forks.html]
[github.com/secretkeylabs/xverse-core.html]
[github.com/secretkeylabs/xverse-core/stargazers.html]
[github.com/secretkeylabs/xverse-core/forks.html]
[github.com/secretkeylabs/sats-connect-example/stargazers.html]
[github.com/secretkeylabs/sats-connect-example/forks.html]
[github.com/secretkeylabs.html]
[wallet.xverse.app/earn/btc-staking.html]
[brc20.xverse.app/index.html]
[wallet.xverse.app/tools/runes.html]
[www.xverse.app/bitcoin-wallet.html]
[www.xverse.app/stacks-wallet.html]
[www.xverse.app/starknet-wallet.html]
[www.xverse.app/bitcoin-nft-wallet.html]
[www.xverse.app/brc-20-wallet.html]
[www.xverse.app/bitcoin-defi-wallet.html]
[www.xverse.app/bitcoin-l2-wallet.html]
[www.xverse.app/runes-wallet.html]
[www.xverse.app/bitcoin-meme-coins-wallet.html]
[www.xverse.app/mezo-wallet.html]
[www.xverse.app/bitlayer-wallet.html]
[www.xverse.app/sbtc-wallet.html]
[www.xverse.app/crypto-tax-calculator.html]
[www.xverse.app/xverse-earn.html]
[www.xverse.app/privacy.html]
[www.xverse.app/terms.html]
[cdn.prod.website-files.com/624b08d53d7ac60ccfc11d8d/63e3d6d3b40e3715e2c1bd63_tiktok-icon 1.svg]
[www.instagram.com/xverseapp/index.html]
[cdn.prod.website-files.com/624b08d53d7ac60ccfc11d8d/63e3d6d5308376794a6a68f0_iconmonstr-instagram-11 1.svg]
[preview.redd.it/feature-launch-seamless-stx-btc-swaps-now-live-in-xverse-v0-i681xrab2u4f1e90e.jpg]
[www.reddit.com/r/xversewallet/comments/1lewwz0/starknet_is_pushing_to_scale_bitcoin_defi_and/index.html]
[www.reddit.com/r/xversewallet/comments/1l2vzfo/feature_launch_seamless_stx_btc_swaps_now_live_in/index.html]
[i.redd.it/i681xrab2u4f1.jpg]
[www.reddit.com/r/xversewallet/comments/1ko6k32/xverse_app_error_something_went_wrong_could_not/index.html]
[www.reddit.com/r/xversewallet/{_subreddit__{_id___t5_5w5yid_,_isNsfw__false,_/xversewallet_,_isQuarantined__false,_name___xve/styles.redditmedia.com/t5_5w5yid/styles/communityIcon_24rvach74i0b1.png_}}/index.html]
[www.reddit.com/r/xversewallet/{_subreddit__{_id___t5_5w5yid_,_name___xversewallet_}}/index.html]
[www.google.com/recaptcha/enterprise4eac.js]
[www.reddit.com/r/xversewallet/index.html]
[cdn.prod.website-files.com/624b08d53d7ac60ccfc11d8d/624b08d53d7ac62d41c11def_Vector.svg]
[www.googletagmanager.com/ns0433.html]
[cdn.prod.website-files.com/624b08d53d7ac60ccfc11d8d/6641dd69bce42b5b9f93bda2_Rectangle 4199-min.webp]
[cdn.prod.website-files.com/624b08d53d7ac60ccfc11d8d/6641dd69754f061a3499f2b7_Rectangle 4200-min.webp]
[cdn.prod.website-files.com/624b08d53d7ac60ccfc11d8d/6641dd684ccd8a4ead60a768_Rectangle 4201-min.webp]
[cdn.prod.website-files.com/624b08d53d7ac60ccfc11d8d/67222d2803150fa394484097_C8174905-0C19-420B-B3C3-0EEA87700AF3.png]
[cdn.prod.website-files.com/624b08d53d7ac60ccfc11d8d/6658359f1bee08de00f86cfb_stackulent.png]
[cdn.prod.website-files.com/624b08d53d7ac60ccfc11d8d/6655ca2a5a17d59483f2b85b_anny.jpg]
[cdn.prod.website-files.com/624b08d53d7ac60ccfc11d8d/6641eade5964e249d3cfdc54_Group 316124668.svg]
[cdn.prod.website-files.com/624b08d53d7ac60ccfc11d8d/6641eade284223ef43509802_Group 316124669.svg]
[cdn.prod.website-files.com/624b08d53d7ac60ccfc11d8d/6641eadecefd4a5fb63321c2_Group 316124670.svg]
[cdn.prod.website-files.com/624b08d53d7ac60ccfc11d8d/6641eadeef60a4093a6ff923_Group 316124671.svg]
[cdn.prod.website-files.com/624b08d53d7ac60ccfc11d8d/66461322a5fb3db6ba8402a1_Baby.svg]
[cdn.prod.website-files.com/624b08d53d7ac60ccfc11d8d/66461322994702d12ed8c0ac_DesktopTower.svg]
[cdn.prod.website-files.com/624b08d53d7ac60ccfc11d8d/664613222e1b2d31c23e5d2d_TreePalm.svg]
[cdn.prod.website-files.com/624b08d53d7ac60ccfc11d8d/66461322366094c9166c7d1a_Clock.svg]
[cdn.prod.website-files.com/624b08d53d7ac60ccfc11d8d/6646133454cfbdbf81e6548d_HandWaving.svg]
[cdn.prod.website-files.com/624b08d53d7ac60ccfc11d8d/664613227a57491ce9e2f8c9_ChartLineUp.svg]
[www.xverse.app/team-careers.html]
[cdn.prod.website-files.com/624b08d53d7ac60ccfc11d8d/6627a193f49617be901f4edb_XCircle.svg]
[cdn.prod.website-files.com/624b08d53d7ac60ccfc11d8d/66279831475c5c0c66d6a694_CaretUp.svg]
[cdn.prod.website-files.com/624b08d53d7ac60ccfc11d8d/6626340d387178051f542e14_Vector (16).svg]
[cdn.prod.website-files.com/624b08d53d7ac60ccfc11d8d/664615beb44274af36c91eef_Group 12771.svg]
[wallet.xverse.app/earn/btc-staking3ddc.html]
[www.xverse.app/blog/bob-token-rewards.html]
[wallet.xverse.app/explore3ddc.html]
[cdn.prod.website-files.com/624b08d53d7ac65cf7c11d91/666fe593255903f43499a118_danielbowden.jpg]
[www.xverse.app/authors/daniel-bowden.html]
[www.xverse.app/blog4390.html]
[www.xverse.app/blogfbde.html]
[cdn.prod.website-files.com/624b08d53d7ac60ccfc11d8d/66589cad1e23fd8041f66d83_linkedin.svg]
[www.xverse.app/blog/bitcoin-rollups.html]
[www.xverse.app/blog/swap-ethereum-to-bitcoin.html]
[www.xverse.app/blog/what-is-bitcoin-mining.html]
[www.xverse.app/blog/best-apps-for-staking-crypto.html]
[cdn.prod.website-files.com/624b08d53d7ac65cf7c11d91/6853554b9a146458d73e1d4b_What Is Starknet_ A Complete Guide – 1.jpg]
[www.xverse.app/blog/what-is-starknet.html]
[www.xverse.app/blog/swap-bitcoin-for-stacksfee0.html]
[www.xverse.app/blog/bidirectional-btc-and-stx-swaps.html]
[www.xverse.app/blog/xverse-starknet-public-release.html]
[www.xverse.app/blog/new-fiat-payment-methods-for-btc-and-stx.html]
[www.xverse.app/blog/op-cat-op-ctv-and-community-signaling.html]
[www.xverse.app/blog/xverse-earn-explained.html]
[www.xverse.app/blog/swap-bitcoin-for-stacks.html]
[www.xverse.app/blog/xverse-is-integrating-starknet-l2.html]
[www.xverse.app/blog/what-is-hyperliquid-blockchain.html]
[www.xverse.app/blogff8e.html]
[www.xverse.app/blog-categories/starknet.html]
[www.xverse.app/bloge8df.html]
[www.xverse.app/blog5579.html]
[www.xverse.app/blog00ac.html]
[www.xverse.app/blogd5cb.html]
[www.xverse.app/blog-categories/partnerships.html]
[www.xverse.app/blog7225.html]
[www.xverse.app/blog318a.html]
[wallet.xverse.app/_next/static/css/2874495d4b295c46.css]
[wallet.xverse.app/_next/static/css/bef403e4b51110e5.css]
[wallet.xverse.app/xverseLogo.svg]
[wallet.xverse.app/appleLogo.svg]
[wallet.xverse.app/playMarketLogo.svg]
[wallet.xverse.app/chromeLogo.svg]
[wallet.xverse.app/_next/static/media/bitcoin.b2106e85.svg]
[wallet.xverse.app/_next/static/media/ordinals.482e0e79.svg]
[wallet.xverse.app/swap.html]
[wallet.xverse.app/xclusive.html]
[wallet.xverse.app/tools/xccelerate.html]
[docs.xverse.app/api.html]
[static-2v.gitbook.com/_next/static/css/3c4d8dc139a267a1.css]
[static-2v.gitbook.com/_next/static/css/608b1b6d17fc917b.css]
[static-2v.gitbook.com/_next/static/css/bbc5e921b5727a4f.css]
[static-2v.gitbook.com/_next/static/css/69a6a94ebf8a22a9.css]
[static-2v.gitbook.com/_next/static/css/cc8873650a0b378a.css]
[static-2v.gitbook.com/_next/static/css/95b358fb5c9305a3.css]
[static-2v.gitbook.com/_next/static/css/a73ed85726fb0435.css]
[static-2v.gitbook.com/_next/static/css/1ae5cc1e03daf8e1.css]
[static-2v.gitbook.com/_next/static/css/c511dcbb282ef6ae.css]
[static-2v.gitbook.com/_next/static/css/e9d0a91983bb5dbf.css]
[static-2v.gitbook.com/_next/static/css/55f9bfc2d65077ab.css]
[static-2v.gitbook.com/_next/static/css/4af9aafd612346fe.css]
[docs.xverse.app/sats-connect/wallet-providers.html]
[docs.xverse.app/sats-connect/wallet-providers/getinfo.html]
[docs.xverse.app/sats-connect/wallet-providers/getproviders-and-getproviderbyid.html]
[docs.xverse.app/sats-connect/connecting-to-the-wallet.html]
[docs.xverse.app/sats-connect/connecting-to-the-wallet/connect-to-xverse-wallet.html]
[docs.xverse.app/sats-connect/connecting-to-the-wallet/disconnect-from-xverse-wallet.html]
[docs.xverse.app/sats-connect/connecting-to-the-wallet/connect-to-other-wallets.html]
[docs.xverse.app/sats-connect/connecting-to-the-wallet/connect-to-other-wallets/manage-a-users-default-wallet.html]
[docs.xverse.app/sats-connect/connecting-to-the-wallet/legacy-getaccounts.html]
[docs.xverse.app/sats-connect/wallet-methods.html]
[docs.xverse.app/sats-connect/wallet-methods/request-methods.html]
[docs.xverse.app/sats-connect/wallet-methods/wallet_getaccount.html]
[docs.xverse.app/sats-connect/wallet-methods/wallet_getnetwork.html]
[docs.xverse.app/sats-connect/wallet-methods/wallet_changenetwork.html]
[docs.xverse.app/sats-connect/wallet-methods/xverse-custom-methods.html]
[docs.xverse.app/sats-connect/xverse-wallet-permissions.html]
[docs.xverse.app/sats-connect/xverse-wallet-events.html]
[docs.xverse.app/sats-connect/bitcoin-methods/getaddresses.html]
[docs.xverse.app/sats-connect/bitcoin-methods/signmessage.html]
[docs.xverse.app/sats-connect/bitcoin-methods/signpsbt.html]
[docs.xverse.app/sats-connect/bitcoin-methods/sendtransfer.html]
[docs.xverse.app/sats-connect/bitcoin-methods/signmultipletransactions.html]
[docs.xverse.app/sats-connect/bitcoin-methods/getbalance.html]
[docs.xverse.app/sats-connect/bitcoin-methods/createinscription.html]
[docs.xverse.app/sats-connect/bitcoin-methods/createrepeatinscriptions.html]
[docs.xverse.app/sats-connect/bitcoin-methods/ord_getinscriptions.html]
[docs.xverse.app/sats-connect/bitcoin-methods/ord_sendinscriptions.html]
[docs.xverse.app/sats-connect/bitcoin-methods/runes_getbalance.html]
[docs.xverse.app/sats-connect/bitcoin-methods/runes_transfer.html]
[docs.xverse.app/sats-connect/bitcoin-methods/mint-runes.html]
[docs.xverse.app/sats-connect/bitcoin-methods/mint-runes/runes_estimatemint.html]
[docs.xverse.app/sats-connect/bitcoin-methods/mint-runes/runes_mint.html]
[docs.xverse.app/sats-connect/bitcoin-methods/etch-runes.html]
[docs.xverse.app/sats-connect/bitcoin-methods/etch-runes/runes_estimateetch.html]
[docs.xverse.app/sats-connect/bitcoin-methods/etch-runes/runes_etch.html]
[docs.xverse.app/sats-connect/bitcoin-methods/runes_getorder.html]
[docs.xverse.app/sats-connect/bitcoin-methods/speed-up-a-rune-mint-or-etch-order.html]
[docs.xverse.app/sats-connect/bitcoin-methods/speed-up-a-rune-mint-or-etch-order/runes_estimaterbforder.html]
[docs.xverse.app/sats-connect/bitcoin-methods/speed-up-a-rune-mint-or-etch-order/runes_rbforder.html]
[docs.xverse.app/sats-connect/stacks-methods/stx_getaccounts.html]
[docs.xverse.app/sats-connect/stacks-methods/stx_signmessage.html]
[docs.xverse.app/sats-connect/stacks-methods/stx_signstructuredmessage.html]
[docs.xverse.app/sats-connect/stacks-methods/stx_transferstx.html]
[docs.xverse.app/sats-connect/stacks-methods/stx_signtransaction.html]
[docs.xverse.app/sats-connect/stacks-methods/stx_callcontract.html]
[docs.xverse.app/sats-connect/stacks-methods/stx_deploycontract.html]
[docs.xverse.app/sats-connect/guides/verify-bitcoin-message-signatures.html]
[docs.xverse.app/sats-connect/guides/creating-bitcoin-psbts.html]
[docs.xverse.app/sats-connect/guides/mobile-integration.html]
[docs.xverse.app/sats-connect/guides/next.html]
[github.com/secretkeylabs/sats-connect-example.html]
[github.com/secretkeylabs/dapp-cookie-cutter.html]
[github.com/secretkeylabs/sats-connect/releases.html]
[github.com/secretkeylabs/sats-connect/issues.html]
[github.com/secretkeylabs/sats-connect.html]
[docs.xverse.app/cdn-cgi/l/email-protection.html]
[docs.xverse.app/sats-connect/rocket-loader.min.html]
[docs.xverse.app/sats-connect/_gitbook/image0b8a]
[www.xverse.app/blog/what-are-ordinals-a-guide-to-nft-inscriptions-on-bitcoin.html]
[www.xverse.app/blog/ledger-ordinals-support-with-xverse.html]
[cdn.prod.website-files.com/624b08d53d7ac60ccfc11d8d/624b08d53d7ac6d241c11e1d_Vector (4).svg]
[www.xverse.app/blog/where-to-buy-bitcoin-ordinals-marketplaces.html]
[www.xverse.app/blog/bitcoin-nfts.html]
[www.xverse.app/blog/bitcoin-halving.html]
[cdn.prod.website-files.com/624b08d53d7ac60ccfc11d8d/66267e8e1044fc2a80ff876e_Layer_x0020_1.svg]
[cdn.prod.website-files.com/624b08d53d7ac60ccfc11d8d/66267e7a06d6297e2e3c9630_Group (2).svg]
[cdn.prod.website-files.com/624b08d53d7ac60ccfc11d8d/66267e638bd26de190b6b059_Link.svg]
[www.xverse.app/blog/cold-and-hot-wallet.html]
[www.xverse.app/blog/bitcoin-runes.html]
[www.xverse.app/indexccde.html]
[cdn.prod.website-files.com/61d268e6d64e470e580c1c1d/css/alexgo-io.shared.4bea26423.min.css]
[btc.us/main.css]
[btc.us/backgrounds/background.svg]
[btc.us/backgrounds/promotion-background.svg]
[btc.us/backgrounds/background_mobile.svg]
[btc.us/input/modal_cross.svg]
[btc.us/input/hamburger_close.svg]
[btc.us/graphics/lightning_symbol.svg]
[btc.us/input/glass_purple.svg]
[btc.us/graphics/bitcoin_stacks.svg]
[btc.us/graphics/domain_search.svg]
[btc.us/graphics/domain_register.svg]
[btc.us/graphics/domain_manage.svg]
[btc.us/web-bridge/index.html]
[btc.us/input/scroll_left_icon.svg]
[btc.us/input/plus.svg]
[btc.us/social/discord.svg]
[github.com/hirosystems/btc-us-website.html]
[btc.us/social/github.svg]
[btc.us/social/twitter.svg]
[btc.us/graphics/bitcoin_white.svg]
[btc.us/graphics/stacks_white.svg]
[www.xverse.app/sc/blog.html]
[cdn.prod.website-files.com/624b08d53d7ac60ccfc11d8d/6655e789b91e329e0de4f4dc_CaretDown (1).svg]
[www.xverse.app/es/blog.html]
[xverseapp.notion.site/unsupported-browser.html]
[xverseapp.notion.site/print.e2ba4c31.css]
[xverseapp.notion.site/_assets/ClientFramework-8f2d17fbb2b0cb87.json]
[xverseapp.notion.site/_assets/97531-1a1371d7b4b5e9b1.json]
[xverseapp.notion.site/_assets/96103-a0a2997816dd7668.json]
[xverseapp.notion.site/_assets/18136-2aa10c375cdd97cb.json]
[xverseapp.notion.site/_assets/28403-3d3c0358ea3f2cc6.json]
[xverseapp.notion.site/_assets/app-bf5cde7850824c69.json]
[xverseapp.notion.site/_assets/app-bde5b69fca558a00.json]
[github.githubassets.com/assets/light-c59dc71e3a4c.css]
[github.githubassets.com/assets/light_high_contrast-4bf0cb726930.css]
[github.githubassets.com/assets/dark-89751e879f8b.css]
[github.githubassets.com/assets/dark_high_contrast-67c7180a598a.css]
[github.githubassets.com/assets/light_colorblind-6060e905eb78.css]
[github.githubassets.com/assets/light_colorblind_high_contrast-04e818620b9c.css]
[github.githubassets.com/assets/light_tritanopia-ae65df249e0f.css]
[github.githubassets.com/assets/light_tritanopia_high_contrast-fdadc12a1ec2.css]
[github.githubassets.com/assets/dark_colorblind-4277e18a7c75.css]
[github.githubassets.com/assets/dark_colorblind_high_contrast-2e33ed61bc8c.css]
[github.githubassets.com/assets/dark_tritanopia-48d44d87614d.css]
[github.githubassets.com/assets/dark_tritanopia_high_contrast-6adcb5080302.css]
[github.githubassets.com/assets/dark_dimmed-250cee4c1ea8.css]
[github.githubassets.com/assets/dark_dimmed_high_contrast-e3802beb8c06.css]
[github.githubassets.com/assets/primer-primitives-225433424a87.css]
[github.githubassets.com/assets/primer-b4bd0459f984.css]
[github.githubassets.com/assets/global-40e6f28b18a6.css]
[github.githubassets.com/assets/github-58ac3ad6cb3f.css]
[github.githubassets.com/assets/profile-1832ec223d40.css]
[github.githubassets.com/assets/insights-e68c777ffec1.css]
[github.githubassets.com/assets/primer-react.0a68d610e6a57b39f9c5.module.css]
[github.githubassets.com/assets/keyboard-shortcuts-dialog.47de85e2c17af43cefd5.module.css]
[github.com/index.html]
[github.com/login1be2.html]
[github.githubassets.com/assets/appearance-settings.4e1ca273f504ba849f8c.module.css]
[github.com/features/copilot.html]
[github.com/features/models.html]
[github.com/security/advanced-security.html]
[github.com/features/actions.html]
[github.com/features/codespaces.html]
[github.com/features/issues.html]
[github.com/features/code-review.html]
[github.com/features/discussions.html]
[github.com/features/code-search.html]
[github.com/why-github.html]
[github.com/features.html]
[github.com/enterprise.html]
[github.com/team.html]
[github.com/enterprise/startups.html]
[github.com/solutions/industry/nonprofits.html]
[github.com/solutions/use-case/devsecops.html]
[github.com/solutions/use-case/devops.html]
[github.com/solutions/use-case/ci-cd.html]
[github.com/solutions/use-case.html]
[github.com/solutions/industry/healthcare.html]
[github.com/solutions/industry/financial-services.html]
[github.com/solutions/industry/manufacturing.html]
[github.com/solutions/industry/government.html]
[github.com/solutions/industry.html]
[github.com/solutions.html]
[github.com/resources/articles/ai.html]
[github.com/resources/articles/devops.html]
[github.com/resources/articles/security.html]
[github.com/resources/articles/software-development.html]
[github.com/resources/articles.html]
[github.com/resources/whitepapers.html]
[github.com/customer-stories.html]
[github.com/solutions/executive-insights.html]
[github.com/sponsors.html]
[github.com/readme.html]
[github.com/topics.html]
[github.com/trending.html]
[github.com/collections.html]
[github.com/features/copilot/copilot-business.html]
[github.com/enterprise/premium-support.html]
[github.com/pricing.html]
[github.com/search/custom_scopes/check_name.html]
[github.com/signup5f08.html]
[github.com/orgs/secretkeylabs/repositories.html]
[github.com/orgs/secretkeylabs/projects4494.html]
[github.com/orgs/secretkeylabs/packages.html]
[github.com/orgs/secretkeylabs/people.html]
[github.com/secretkeylabs/sats-connect/stargazers.html]
[github.com/secretkeylabs/sats-connect/forks.html]
[github.com/secretkeylabs/xverse-web-extension.html]
[github.com/secretkeylabs/xverse-web-extension/stargazers.html]
[github.com/secretkeylabs/xverse-web-extension/forks.html]
[github.com/secretkeylabs/xverse-core.html]
[github.com/secretkeylabs/xverse-core/stargazers.html]
[github.com/secretkeylabs/xverse-core/forks.html]
[github.com/secretkeylabs/sats-connect-example/stargazers.html]
[github.com/secretkeylabs/sats-connect-example/forks.html]
[www.reddit.com/r/xversewallet/comments/1lewwz0/starknet_is_pushing_to_scale_bitcoin_defi_and/index.html]
[www.reddit.com/r/xversewallet/comments/1l2vzfo/feature_launch_seamless_stx_btc_swaps_now_live_in/index.html]
[www.reddit.com/r/xversewallet/comments/1ko6k32/xverse_app_error_something_went_wrong_could_not/index.html]
[www.reddit.com/r/xversewallet/{_subreddit__{_id___t5_5w5yid_,_isNsfw__false,_/xversewallet_,_isQuarantined__false,_name___xve/styles.redditmedia.com/t5_5w5yid/styles/communityIcon_24rvach74i0b1.png_}}/index.html]
[www.reddit.com/r/xversewallet/{_subreddit__{_id___t5_5w5yid_,_name___xversewallet_}}/index.html]
[www.reddit.com/r/xversewallet/{_communityIcon___https_/styles.redditmedia.com/t5_5w5yid/styles/communityIcon_24rvach74i0b1.png_,_displayNamePr/xversewallet_,_headerImage___https_/styles.re/bannerBackgroundImage_s]
[www.xverse.app/security.html]
[cdn.prod.website-files.com/624b08d53d7ac60ccfc11d8d/6641eade5964e249d3cfdc54_Group 316124668.svg]
[cdn.prod.website-files.com/624b08d53d7ac60ccfc11d8d/6641eade284223ef43509802_Group 316124669.svg]
[cdn.prod.website-files.com/624b08d53d7ac60ccfc11d8d/6641eadecefd4a5fb63321c2_Group 316124670.svg]
[cdn.prod.website-files.com/624b08d53d7ac60ccfc11d8d/6641eadeef60a4093a6ff923_Group 316124671.svg]
[cdn.prod.website-files.com/624b08d53d7ac60ccfc11d8d/66461322a5fb3db6ba8402a1_Baby.svg]
[cdn.prod.website-files.com/624b08d53d7ac60ccfc11d8d/66461322994702d12ed8c0ac_DesktopTower.svg]
[cdn.prod.website-files.com/624b08d53d7ac60ccfc11d8d/664613222e1b2d31c23e5d2d_TreePalm.svg]
[cdn.prod.website-files.com/624b08d53d7ac60ccfc11d8d/66461322366094c9166c7d1a_Clock.svg]
[cdn.prod.website-files.com/624b08d53d7ac60ccfc11d8d/6646133454cfbdbf81e6548d_HandWaving.svg]
[cdn.prod.website-files.com/624b08d53d7ac60ccfc11d8d/664613227a57491ce9e2f8c9_ChartLineUp.svg]
[cdn.prod.website-files.com/624b08d53d7ac60ccfc11d8d/664615beb44274af36c91eef_Group 12771.svg]
[wallet.xverse.app/earn/btc-staking3ddc.html]
[wallet.xverse.app/explore3ddc.html]
[cdn.prod.website-files.com/624b08d53d7ac60ccfc11d8d/66589cad1e23fd8041f66d83_linkedin.svg]
[www.xverse.app/blog/bitcoin-rollups.html]
[www.xverse.app/blog/swap-ethereum-to-bitcoin.html]
[www.xverse.app/blog/what-is-bitcoin-mining.html]
[www.xverse.app/blog/best-apps-for-staking-crypto.html]
[www.xverse.app/blog/swap-bitcoin-for-stacksfee0.html]
[www.xverse.app/stacks-walletfee0.html]
[www.xverse.app/blog/swap-melania-for-bitcoin.html]
[www.xverse.app/blog-categories/runes-and-brc20.html]
[www.xverse.app/blog-categories/getting-started.html]
[www.xverse.app/blog-categories/bitcoin-layers.html]
[www.xverse.app/blog-categories/ordinals.html]
[www.xverse.app/blog3460.html]
[www.xverse.app/blog-categories/bitcoin.html]
[www.xverse.app/blog-categories/stacks.html]
[www.xverse.app/blog-categories/defi.html]
[www.xverse.app/blog248c.html]
[www.xverse.app/blogdab2.html]
[www.xverse.app/blog-categories/security.html]
[www.xverse.app/blog-categories/decentralized-identities.html]
[www.xverse.app/blog-categories/stacking.html]
[www.xverse.app/blog6fdf.html]
[www.xverse.app/blog/what-are-brc-20-tokens-a-complete-beginners-guide.html]
[twitter.com/stacks]
[twitter.com/XverseApp-2]
[twitter.com/Xverse_CN]
[twitter.com/xverse_ES]
[github.com/secretkeylabs/wallet-connect]
[github.com/secretkeylabs/wallet-connect/stargazers]
[github.com/secretkeylabs/wallet-connect/forks]
[github.com/secretkeylabs/xverse-roadmap]
[github.com/secretkeylabs/xverse-roadmap/stargazers]
[github.com/secretkeylabs/xverse-roadmap/forks]
[github.com/secretkeylabs/stacks-tools]
[github.com/secretkeylabs/stacks-tools/graphs/commit-activity]
[github.com/secretkeylabs/stacks-tools/graphs/participation48a6]
[github.com/secretkeylabs/stacks-tools/stargazers]
[github.com/secretkeylabs/stacks-tools/issues]
[github.com/secretkeylabs/stacks-tools/pulls]
[github.com/secretkeylabs/sats-connect-core]
[github.com/secretkeylabs/sats-connect-core/graphs/commit-activity]
[github.com/secretkeylabs/sats-connect-core/graphs/participation48a6]
[github.com/secretkeylabs/sats-connect-core/stargazers]
[github.com/secretkeylabs/sats-connect-core/forks]
[github.com/secretkeylabs/sats-connect-core/issues]
[github.com/secretkeylabs/sats-connect-core/pulls]
[github.com/secretkeylabs/xverse-web-extension/graphs/commit-activity]
[github.com/secretkeylabs/xverse-web-extension/graphs/participation48a6]
[github.com/secretkeylabs/xverse-web-extension/issues]
[github.com/secretkeylabs/xverse-web-extension/pulls]
[github.com/secretkeylabs/xverse-core/graphs/commit-activity]
[github.com/secretkeylabs/xverse-core/graphs/participation48a6]
[github.com/secretkeylabs/xverse-core/issues]
[github.com/secretkeylabs/xverse-core/pulls]
[github.com/secretkeylabs/sats-connect/graphs/commit-activity]
[github.com/secretkeylabs/sats-connect/graphs/participation48a6]
[github.com/secretkeylabs/sats-connect/pulls]
[github.com/secretkeylabs/sats-connect-ui]
[github.com/secretkeylabs/sats-connect-ui/graphs/commit-activity]
[github.com/secretkeylabs/sats-connect-ui/graphs/participation48a6]
[github.com/secretkeylabs/sats-connect-ui/stargazers]
[github.com/secretkeylabs/sats-connect-ui/issues]
[github.com/secretkeylabs/sats-connect-ui/pulls]
[github.com/secretkeylabs/wallet-connect/graphs/commit-activity]
[github.com/secretkeylabs/wallet-connect/graphs/participation48a6]
[github.com/secretkeylabs/wallet-connect/issues]
[github.com/secretkeylabs/wallet-connect/pulls]
[github.com/secretkeylabs/stacks-transaction-sponsor]
[github.com/secretkeylabs/stacks-transaction-sponsor/graphs/commit-activity]
[github.com/secretkeylabs/stacks-transaction-sponsor/graphs/participation48a6]
[github.com/secretkeylabs/stacks-transaction-sponsor/stargazers]
[github.com/secretkeylabs/stacks-transaction-sponsor/forks]
[github.com/secretkeylabs/stacks-transaction-sponsor/issues]
[github.com/secretkeylabs/stacks-transaction-sponsor/pulls]
[github.com/secretkeylabs/render-stacks]
[github.com/stacksfoundation/render-stacks]
[github.com/secretkeylabs/render-stacks/graphs/commit-activity]
[github.com/secretkeylabs/render-stacks/graphs/participation48a6]
[github.com/secretkeylabs/render-stacks/stargazers]
[github.com/secretkeylabs/render-stacks/forks]
[github.com/secretkeylabs/render-stacks/issues]
[github.com/secretkeylabs/render-stacks/pulls]
[github.com/secretkeylabs/dapp-cookie-cutter/graphs/commit-activity]
[github.com/secretkeylabs/dapp-cookie-cutter/graphs/participation48a6]
[github.com/secretkeylabs/dapp-cookie-cutter/stargazers]
[github.com/secretkeylabs/dapp-cookie-cutter/forks]
[github.com/secretkeylabs/dapp-cookie-cutter/issues]
[github.com/secretkeylabs/dapp-cookie-cutter/pulls]
[github.com/orgs/secretkeylabs/repositoriesa221]
[github.com/victorkirov]
[github.com/teebszet]
[github.com/m-aboelenein]
[github.com/orgs/secretkeylabs/top_languages4252]
[github.com/orgs/secretkeylabs/topics/most_used4252]
[github.com/security]
[wallet.xverse.app/_next/static/css/1c605a7d0c2f73ed.css]
[wallet.xverse.app/_next/static/chunks/065a1614-9d2299587dc39b1c.js]
[wallet.xverse.app/_next/static/chunks/e613f993-e231a04bc2752df1.js]
[wallet.xverse.app/_next/static/chunks/8015bd09-f03f57b74ce21057.js]
[wallet.xverse.app/_next/static/chunks/9b9e7176-572cd0987bd7740e.js]
[wallet.xverse.app/_next/static/chunks/11e07bb4-3745faaf4cd267aa.js]
[wallet.xverse.app/_next/static/chunks/699f2693-9c3eb00608fe6a95.js]
[wallet.xverse.app/_next/static/chunks/bc2cc01c-97671cd9665265ab.js]
[wallet.xverse.app/_next/static/chunks/0fed6d28-815bc1bb2e959ee5.js]
[wallet.xverse.app/_next/static/chunks/9326-c59747a63e0a4b87.js]
[wallet.xverse.app/_next/static/chunks/9281-b2d8b694b155f3ed.js]
[wallet.xverse.app/_next/static/chunks/6774-0a19ccb06be2a3e8.js]
[wallet.xverse.app/_next/static/chunks/4816-6472c4f91c755522.js]
[wallet.xverse.app/_next/static/chunks/pages/earn/btc-staking-7a5613c9786a15a1.js]
[wallet.xverse.app/_next/static/media/bedrock.2d2e02ba.svg]
[wallet.xverse.app/_next/static/media/spice.5f470003.svg]
[wallet.xverse.app/_next/static/media/bedrock_diamonds.8db830c6.svg]
[wallet.xverse.app/_next/static/media/babylon_points.ec4d688e.svg]
[wallet.xverse.app/_next/static/media/solv.1348914a.svg]
[wallet.xverse.app/_next/static/media/solv_xp.5b2c3daa.svg]
[wallet.xverse.app/_next/static/media/avalon.a1aacc5d.svg]
[wallet.xverse.app/_next/static/media/avalon_points.cb83f201.svg]
[wallet.xverse.app/_next/static/media/supply_apr.1c1cfdf8.svg]
[wallet.xverse.app/_next/static/media/veda.2dabf433.svg]
[wallet.xverse.app/_next/static/media/op_rewards.9f6e58e9.svg]
[wallet.xverse.app/_next/static/media/veda_points.447d2a23.svg]
[wallet.xverse.app/_next/static/media/segment.94c8c4d5.svg]
[wallet.xverse.app/_next/static/media/segment_points.40c4d2bc.svg]
[wallet.xverse.app/_next/static/media/pell.089354ef.svg]
[wallet.xverse.app/_next/static/media/pell_points.01482acc.svg]
[wallet.xverse.app/_next/static/media/ionic.6e1e5f2f.svg]
[brc20.xverse.app/OpenGraph_xverseBRC20.png]
[brc20.xverse.app/xverse-icon.png]
[www.googletagmanager.com/gtag/js23ba]
[brc20.xverse.app/assets/index-XmN8CgXc.js]
[brc20.xverse.app/assets/index-W_6ENlg6.css]
[wallet.xverse.app/_next/static/chunks/4179-b9b06545d3c2b76c.js]
[wallet.xverse.app/_next/static/chunks/pages/tools/runes-cd98ffb5dfca5dd1.js]
[wallet.xverse.app/spyglass.svg]
[wallet.xverse.app/runes/mint/SHORT•THE•WORLD]
[wallet.xverse.app/runes/mint/DIGITAL•GOLD•RUSH]
[wallet.xverse.app/runes/mint/PEPE•PI•WORLD•MEME•RUNE]
[wallet.xverse.app/runes/mint/CATS•MEMECOIN•ON•BITCOIN]
[wallet.xverse.app/runes/mint/SSSSS•BTC•SSSSS]
[cdn.prod.website-files.com/624b08d53d7ac60ccfc11d8d/6687f7623a69cdb0eaae9d4a_BTC_Wallet_Hero.webp]
[www.xverse.app/blog/purchase-bitcoin-directly-in-xverse-wallet]
[cdn.prod.website-files.com/624b08d53d7ac60ccfc11d8d/6686816469fdfad949956aa3_btc_NFTs.webp]
[www.xverse.app/blog/types-of-crypto-wallets-and-the-benefits-of-the-xverse-bitcoin-wallet]
[www.xverse.app/blog/bitcoin-nfts-yes-they-exist]
[www.xverse.app/blog/btc-domains-bitcoin-usernames-explained]
[cdn.prod.website-files.com/624b08d53d7ac60ccfc11d8d/681b387f1f4854da716b058a_sbtc.png]
[cdn.prod.website-files.com/624b08d53d7ac60ccfc11d8d/6854018041f9d31e031da094_STX_Wallet_Hero.webp]
[cdn.prod.website-files.com/624b08d53d7ac60ccfc11d8d/6854018d8140f87d39a3118a_STX_wallet_view.webp]
[www.xverse.app/blog/a-guide-to-bitcoin-web3-with-xverse]
[www.xverse.app/blog/a-complete-guide-to-stacks-cryptocurrency-stx]
[www.xverse.app/blog/how-to-buy-stacks-stx-4-easy-steps]
[cdn.prod.website-files.com/624b08d53d7ac60ccfc11d8d/6686a8b51e870fd755a5c426_arkadiko.png]
[cdn.prod.website-files.com/624b08d53d7ac60ccfc11d8d/6501cbabd6762329c63200e4_gamma_logo.webp]
[cdn.prod.website-files.com/624b08d53d7ac60ccfc11d8d/6686a8c37577499ce5d26d47_tradeport.png]
[www.xverse.app/blog/stacks-swap]
[cdn.prod.website-files.com/624b08d53d7ac60ccfc11d8d/684ad0523365b17c384b5302_starknet_hero (1).webp]
[cdn.prod.website-files.com/624b08d53d7ac60ccfc11d8d/684ad566ff4737929aa15b13_starknet_visual.webp]
[cdn.prod.website-files.com/624b08d53d7ac60ccfc11d8d/6687c9b09e4e566d5f79227d_btcnft_hero.webp]
[www.xverse.app/blog/how-to-buy-ordinals]
[cdn.prod.website-files.com/624b08d53d7ac60ccfc11d8d/6687c45878d4e0d0ffd85b08_BRC20_hero.webp]
[cdn.prod.website-files.com/624b08d53d7ac60ccfc11d8d/6687c462e64bf8a44a160745_brc20_tokens.webp]
[cdn.prod.website-files.com/624b08d53d7ac60ccfc11d8d/66c49b0b943bf40e7b8e6123_hero_DeFi.webp]
[cdn.prod.website-files.com/624b08d53d7ac60ccfc11d8d/66c49b15078e68d458d023dd_DeFi_ecosystem.webp]
[www.xverse.app/blog/runes-swap]
[www.xverse.app/blog/yield-farming-vs-staking-six-differences-you-should-know]
[cdn.prod.website-files.com/624b08d53d7ac60ccfc11d8d/685401bc78da16599d910839_L2_Wallet_Hero.webp]
[cdn.prod.website-files.com/624b08d53d7ac60ccfc11d8d/685401c55486fafd992bd3e0_L2_wallet_view.webp]
[www.xverse.app/blog/bitcoin-layers]
[www.xverse.app/blog/bob-build-on-bitcoin-layer-2]
[www.xverse.app/blog/citrea]
[www.xverse.app/blog/merlin-chain]
[www.xverse.app/blog/thesis-mezo]
[www.xverse.app/blog/botanix-protocol]
[www.xverse.app/blog/bitcoin-address]
[cdn.prod.website-files.com/624b08d53d7ac60ccfc11d8d/66b38de6c1e951cc419e3046_runes_Hero (1).webp]
[cdn.prod.website-files.com/624b08d53d7ac60ccfc11d8d/66b1e8b7472794844309e682_runes_tokens.webp]
[cdn.prod.website-files.com/624b08d53d7ac60ccfc11d8d/66b1e889ce7316311b0f9221_swap_screen.webp]
[www.xverse.app/blog/utxo-management]
[cdn.prod.website-files.com/624b08d53d7ac60ccfc11d8d/67651ccab93c1eb8e87e6cdd_memecoins_hero.webp]
[cdn.prod.website-files.com/624b08d53d7ac60ccfc11d8d/6764456faf305332d10edb1c_memecoins_logos.webp]
[www.xverse.app/blog/buy-and-sell-dog-runes-tokens]
[cdn.prod.website-files.com/624b08d53d7ac60ccfc11d8d/67091dcae85fe25ce839aaff_mezoIcon.png]
[cdn.prod.website-files.com/624b08d53d7ac60ccfc11d8d/67091f0c1a754aeb3f5a34c8_MezoWalletHero.webp]
[cdn.prod.website-files.com/624b08d53d7ac60ccfc11d8d/67091f1a3a44128207dcfe02_mezoPreview.webp]
[www.xverse.app/blog/bitcoin-staking-with-acre]
[cdn.prod.website-files.com/624b08d53d7ac60ccfc11d8d/674753abf15761db33f2b57b_BitLayerWalletHero.webp]
[cdn.prod.website-files.com/624b08d53d7ac60ccfc11d8d/67475767756420dd792b65fb_bitlayer_closeupNEW.webp]
[www.xverse.app/blog/bitcoin-bridge]
[www.xverse.app/blog/what-is-bitvm]
[www.xverse.app/blog/brc-20-vs-erc-20-tokens-unpacking-the-differences-similarities]
[cdn.prod.website-files.com/624b08d53d7ac60ccfc11d8d/6773f86e9a82bf96f275abec_sBTC_hero.webp]
[cdn.prod.website-files.com/624b08d53d7ac60ccfc11d8d/677401f89a82bf96f27ea3f2_sBTC_wallet (1).webp]
[www.xverse.app/blog/what-is-sbtc]
[cdn.prod.website-files.com/624b08d53d7ac60ccfc11d8d/67c0a0425826b7a211241257_CryptoTaxCalculatorHero.webp]
[cdn.prod.website-files.com/624b08d53d7ac60ccfc11d8d/67c0a04c09dfdd976ed1a173_cryptotaxcalculator_screen.webp]
[cdn.prod.website-files.com/624b08d53d7ac60ccfc11d8d/680f3f2c4233407c7e428d3e_hero_stacking.webp]
[cdn.prod.website-files.com/624b08d53d7ac60ccfc11d8d/6810a1a7ac951e1662a784cd_BOB1.webp]
[cdn.prod.website-files.com/624b08d53d7ac60ccfc11d8d/6810a1e8696e732a4a9dc972_BOB2.webp]
[cdn.prod.website-files.com/624b08d53d7ac60ccfc11d8d/6810a1f3a0b407f9adb3fda8_BOB3.webp]
[cdn.prod.website-files.com/624b08d53d7ac60ccfc11d8d/680bba4fe788273e379255e7_stackSTX1.webp]
[cdn.prod.website-files.com/624b08d53d7ac60ccfc11d8d/680bba20bd9a4752b87f67dd_stackSTX2.webp]
[cdn.prod.website-files.com/624b08d53d7ac60ccfc11d8d/680bba63686716f107a1cc98_stackSTX3.webp]
[twitter.com/xverseApp]
[www.tiktok.com/@xverseapp]
[static.cdninstagram.com/rsrc.php/v4/yI/r/VsNE-OHk_8a.png]
[static.cdninstagram.com/rsrc.php/v4/yR/r/lam-fZmwmvn.png]
[static.cdninstagram.com/rsrc.php/v4/ys/r/aM-g435MtEX.png]
[static.cdninstagram.com/rsrc.php/v4/yx/r/H1l_HHqi4p6.png]
[static.cdninstagram.com/rsrc.php/v4/yB/r/-7Z_RkdLJUX.png]
[static.cdninstagram.com/rsrc.php/v4/yG/r/De-Dwpd5CHc.png]
[www.instagram.com/xverseapp/indexfef7.html]
[www.instagram.com/xverseapp/index7d7c.html]
[www.instagram.com/xverseapp/indexa209.html]
[www.instagram.com/xverseapp/index0016.html]
[www.instagram.com/xverseapp/indexde3a.html]
[www.instagram.com/xverseapp/index0b8e.html]
[www.instagram.com/xverseapp/indexf854.html]
[www.instagram.com/xverseapp/index9e29.html]
[www.instagram.com/xverseapp/index232e.html]
[www.instagram.com/xverseapp/index28b7.html]
[www.instagram.com/xverseapp/index6dd3.html]
[www.instagram.com/xverseapp/indexc581.html]
[www.instagram.com/xverseapp/index539c.html]
[www.instagram.com/xverseapp/indexecc8.html]
[www.instagram.com/xverseapp/indexaaeb.html]
[www.instagram.com/xverseapp/indexdc29.html]
[www.instagram.com/xverseapp/index014b.html]
[www.instagram.com/xverseapp/indexc91a.html]
[www.instagram.com/xverseapp/index0cf2.html]
[www.instagram.com/xverseapp/index7c40.html]
[www.instagram.com/xverseapp/index4017.html]
[www.instagram.com/xverseapp/index5a9d.html]
[www.instagram.com/xverseapp/indexb2db.html]
[www.instagram.com/xverseapp/index9201.html]
[www.instagram.com/xverseapp/index1672.html]
[www.instagram.com/xverseapp/index5083.html]
[www.instagram.com/xverseapp/index7a92.html]
[www.instagram.com/xverseapp/indexc13b.html]
[www.instagram.com/xverseapp/index9e3e.html]
[www.instagram.com/xverseapp/index9841.html]
[www.instagram.com/xverseapp/indexd294.html]
[www.instagram.com/xverseapp/index0f5d.html]
[www.instagram.com/xverseapp/indexad0b.html]
[www.instagram.com/xverseapp/index5303.html]
[www.instagram.com/xverseapp/indexdb1e.html]
[www.instagram.com/xverseapp/indexe9b2.html]
[www.instagram.com/xverseapp/indexff11.html]
[www.instagram.com/xverseapp/indexf857.html]
[www.instagram.com/xverseapp/index882e.html]
[www.instagram.com/xverseapp/index6c7f.html]
[www.instagram.com/xverseapp/index327f.html]
[www.instagram.com/xverseapp/index3a7e.html]
[www.instagram.com/xverseapp/index030f.html]
[www.instagram.com/xverseapp/indexb058.html]
[www.instagram.com/xverseapp/index9d29.html]
[www.instagram.com/xverseapp/index0fe5.html]
[www.instagram.com/xverseapp/index2a81.html]
[www.instagram.com/xverseapp/indexc4e8.html]
[www.instagram.com/xverseapp/index9c85.html]
[www.instagram.com/xverseapp/indexcfe2.html]
[www.instagram.com/xverseapp/index562e.html]
[www.instagram.com/xverseapp/index241a.html]
[www.instagram.com/xverseapp/index53ad.html]
[www.instagram.com/xverseapp/index9d00.html]
[www.instagram.com/xverseapp/indexf4a3.html]
[www.instagram.com/xverseapp/indexfafd.html]
[www.instagram.com/xverseapp/index514d.html]
[scontent-lga3-1.cdninstagram.com/v/t51.2885-19/347350591_623365239705762_1504414434033536825_nb9a2.jpg]
[www.instagram.com/xverseapp/android-app_/com.instagram.android/https/instagram.com/_u/xverseapp/index.html]
[static.cdninstagram.com/rsrc.php/v5/y7/l/0,cross/6H5-JliC4LqPLri3n70U7rL0WSvGanaEDfgQe914iiBfONMKn3YhINqQvuWABIjhhRs97xFZK--hBruhBENOpKm_.css]
[static.cdninstagram.com/rsrc.php/v4/yU/r/WxQu4hiEn50.js]
[static.cdninstagram.com/rsrc.php/v4iJje4/yB/l/en_US/tXYEfPvcdZhwQkvAC1BW6Pq4CLsgKvjwhnjqNLVhRbilIY545TUqH-G.js]
[static.cdninstagram.com/rsrc.php/v4iTep4/yt/l/en_US/3kU95QIpye6u9i88DNzj-uMpqdjoHzwc5DjWcA28367MHGtdCgLoXdQi_XXYoV_c9-g6FMB_aBt6dddUj_e8HgM_1zUpgtC0XcyX7lRuixRRlgKpZwgW0cRkxUOLfxtjtSFY_Tm5ZXHhLoCdYVlgqwkTKcw07sNl]
[static.cdninstagram.com/rsrc.php/v4i4uY4/y7/l/en_US/NhB1P9Y5s_bQGCgqWv9HjmxSk6aQvJ6uGl_q2-idCj9rgBmosYgacQdPIEABXK6t7snYH9grJ9_FZV77OGKJKLK59HO0BP37KEOab7VckPiKsU36ATSWbff8xeOpEyXKI8nm1WEL5MRmqgkdCGLqWp9LORLU9HEs]
[static.cdninstagram.com/rsrc.php/v4iSC-4/yt/l/en_US/wDgfGF4ldwJ.js]
[static.cdninstagram.com/rsrc.php/v4iApc4/yv/l/en_US/9iZ6Hi9ETvy.js]
[static.cdninstagram.com/rsrc.php/v4/yk/r/An17Nrg4J4wV3eBKOOgzwRFwJ-n4D2Id0.js]
[static.cdninstagram.com/rsrc.php/v4/yc/r/3eumrPhqa6x.js]
[static.cdninstagram.com/rsrc.php/v4/yR/r/s7rhmczSQJV.js]
[www.instagram.com/xverseapp/theaustralian.com.au]
[www.instagram.com/xverseapp/news.com.au]
[www.instagram.com/xverseapp/kollosche.com.au]
[www.instagram.com/xverseapp/awstrack.me]
[www.instagram.com/xverseapp/1YcKeK]
[www.instagram.com/xverseapp/b4k8tl]
[www.instagram.com/xverseapp/d0pXej]
[www.instagram.com/xverseapp/a6wZSt]
[www.instagram.com/xverseapp/eaaeO6]
[static.cdninstagram.com/rsrc.php/v5/yI/l/0,cross/rQnncC4H1mzkGfU9P6q05H.css]
[www.instagram.com/xverseapp/8O17rO]
[www.instagram.com/xverseapp/9nEeAW]
[www.instagram.com/xverseapp/uwnqQm]
[www.reddit.com/r/xversewallet/apply-polyfill-abfabee6.js]
[www.redditstatic.com/shreddit/sentry-bc0d3b33.js]
[www.reddit.com/r/xversewallet/n]
[www.reddit.com/r/xversewallet/n,document.baseURI]
[www.redditstatic.com/shreddit/polyfills/regenerator-runtime.8710f32f34292d0b9a2da4993cb85d94.js]
[www.redditstatic.com/shreddit/polyfills/fetch.a1ad5fb96dc0cb61b9454244c9bd7fe6.js]
[www.redditstatic.com/shreddit/polyfills/intersection-observer.e09cbb4189f6808e65aaf9f27b007c02.js]
[www.redditstatic.com/shreddit/polyfills/webcomponents.ed846db3e7c3b1354dcb129b8858e4d4.js]
[www.redditstatic.com/shreddit/polyfills/custom-elements-es5-adapter.3342b468203af1a14ca005e80d14148f.js]
[www.redditstatic.com/shreddit/polyfills/lit-polyfill-support.2e7548e448acb656e34764769ec320e0.js]
[www.redditstatic.com/shreddit/polyfills/core-js.1c7aca84f142889ea448de106c19e2ec.js]
[www.reddit.com/r/xversewallet/t]
[www.reddit.com/r/xversewallet/s,o]
[www.redditstatic.com/shreddit/en-US/icon-f317f520.js]
[www.redditstatic.com/shreddit/en-US/shell-818d11b6.js]
[www.redditstatic.com/shreddit/en-US/auth-flow-trigger-client-js-1057c415.js]
[www.redditstatic.com/shreddit/en-US/viral-community-client-js-e3bce276.js]
[www.redditstatic.com/shreddit/en-US/app-selector-client-js-ffd0edfc.js]
[www.redditstatic.com/shreddit/en-US/google-one-tap-client-js-677b03a9.js]
[www.redditstatic.com/shreddit/google-one-tap-client-css-b9e7aa9d.css]
[www.redditstatic.com/shreddit/en-US/experiences-client-js-6eecdbf9.js]
[www.redditstatic.com/shreddit/en-US/search-input-desktop-client-js-eb345909.js]
[www.redditstatic.com/shreddit/en-US/header-action-item-user-drawer-client-js-d722dbb6.js]
[www.redditstatic.com/shreddit/en-US/hui-translation-button-client-js-581422ff.js]
[www.redditstatic.com/shreddit/en-US/qr-code-persistent-button-upsell-client-js-090a089e.js]
[www.redditstatic.com/shreddit/qr-code-persistent-button-upsell-client-css-60879cea.css]
[www.redditstatic.com/shreddit/en-US/header-large-client-js-c311b868.js]
[www.redditstatic.com/shreddit/header-large-client-css-eee101e8.css]
[www.redditstatic.com/shreddit/en-US/deprecated-content-client-js-ed29a431.js]
[www.redditstatic.com/shreddit/header-client-css-583e4e9f.css]
[www.redditstatic.com/shreddit/en-US/hui-grid-client-js-ba084cff.js]
[www.redditstatic.com/shreddit/hui-grid-client-css-b37067be.css]
[www.redditstatic.com/shreddit/en-US/left-nav-resources-section-client-js-6eecdbf9.js]
[www.redditstatic.com/shreddit/en-US/left-nav-topics-section-client-js-d2b862d3.js]
[www.redditstatic.com/shreddit/en-US/left-nav-client-js-7c9e60de.js]
[www.redditstatic.com/shreddit/en-US/highlight-post-client-js-3b87488f.js]
[www.redditstatic.com/shreddit/en-US/community-highlights-client-js-37c91ef6.js]
[www.redditstatic.com/shreddit/community-highlights-client-css-a32c7cce.css]
[www.redditstatic.com/shreddit/en-US/subreddit-header-client-js-252c1182.js]
[www.redditstatic.com/shreddit/en-US/sidebar-ad-client-js-3b612af3.js]
[www.redditstatic.com/shreddit/en-US/subreddit-right-rail-translator-client-js-e8134c3b.js]
[www.redditstatic.com/shreddit/en-US/subreddit-right-rail-client-js-6a2086e5.js]
[www.redditstatic.com/shreddit/subreddit-right-rail-client-css-392e1eac.css]
[www.redditstatic.com/shreddit/en-US/feed-post-client-js-524eeb47.js]
[www.redditstatic.com/shreddit/en-US/feed-ad-client-js-2b4eb476.js]
[www.redditstatic.com/shreddit/en-US/comment-preview-unit-client-js-5d3cf2d5.js]
[www.redditstatic.com/shreddit/comment-preview-unit-client-css-844b4a9f.css]
[www.redditstatic.com/shreddit/en-US/comment-link-post-client-js-2ab31cd8.js]
[www.redditstatic.com/shreddit/en-US/mod-inline-actions-client-js-380d5a4f.js]
[www.redditstatic.com/shreddit/en-US/mod-content-state-indicators-client-js-64f82972.js]
[www.redditstatic.com/shreddit/en-US/dsa-transparency-modal-provider-client-js-ec28687b.js]
[www.redditstatic.com/shreddit/en-US/mod-removal-reason-form-client-js-51fc7aa9.js]
[www.redditstatic.com/shreddit/en-US/media-lightbox-client-js-2a77fc77.js]
[www.redditstatic.com/shreddit/en-US/team-flair-selection-client-js-f18e98ea.js]
[www.redditstatic.com/shreddit/en-US/auth-overlay-client-js-33b4b861.js]
[www.redditstatic.com/shreddit/en-US/subreddit-feed-client-js-9ba0a780.js]
[www.redditstatic.com/shreddit/subreddit-feed-client-css-30b0dacb.css]
[www.redditstatic.com/shreddit/assets/favicon/64x64.png]
[www.redditstatic.com/shreddit/assets/favicon/128x128.png]
[www.redditstatic.com/shreddit/assets/favicon/192x192.png]
[www.redditstatic.com/shreddit/assets/favicon/76x76.png]
[www.redditstatic.com/shreddit/assets/favicon/120x120.png]
[www.redditstatic.com/shreddit/assets/favicon/152x152.png]
[www.redditstatic.com/shreddit/assets/favicon/180x180.png]
[www.redditstatic.com/shreddit/en-US/qr-code-modal-upsell-client-js-f9dfdada.js,https_/www.redditstatic.com/shreddit/qr-code-modal-upsell-client-css-47ec1826.css]
[www.redditstatic.com/shreddit/en-US/user-drawer-client-js-62344299.js]
[www.redditstatic.com/shreddit/en-US/left-nav-resources-section-client-js-6eecdbf9.j/www.redditstatic.com/shreddit/en-US/left-nav-topics-section-client-js-d2b862d3.js,h/www.redditstatic.com/deprecated-content-clie]
[www.redditstatic.com/shreddit/en-US/alert-controller-client-js-ec4fb137.js]
[www.redditstatic.com/shreddit/en-US/share-menu-client-js-59922cac.js]
[www.redditstatic.com/shreddit/en-US/award-leaderboard-empty-banner-client-js-3d5026/www.redditstatic.com/shreddit/en-US/award-leaderboard-locked-banner-client-js-b64c2/www.redditstatic.com/award-dialog-client-css]
[www.redditstatic.com/shreddit/en-US/explainer-dialog-client-js-a02df802.js,https_/www.redditstatic.com/shreddit/explainer-dialog-client-css-83f5bb40.css]
[www.redditstatic.com/shreddit/en-US/lead-gen-dialog-client-js-b2cbe6e9.js]
[www.redditstatic.com/shreddit/en-US/devvit-privacy-modal-client-js-dd2a2616.js]
[www.redditstatic.com/shreddit/en-US/dsa-transparency-modal-client-js-99bf6f47.js]
[www.reddit.com/r/xversewallet/'https_/styles.redditmedia.com/t5_5w5yid/styles/bannerBackgroundImage_sv7hinz2070b15d21.png]
[styles.redditmedia.com/t5_5w5yid/styles/communityIcon_24rvach74i0b1.png]
[www.reddit.com/r/xversewallet/about/index.html]
[www.reddit.com/r/xversewallet/best/index.html]
[www.reddit.com/r/xversewallet/hot/index.html]
[www.reddit.com/r/xversewallet/new/index.html]
[www.reddit.com/r/xversewallet/top/index.html]
[www.reddit.com/r/xversewallet/rising/index.html]
[www.reddit.com/r/xversewallet/index573c.html]
[www.reddit.com/r/xversewallet/indexb1cb.html]
[styles.redditmedia.com/t5_dk33nb/styles/profileIcon_wlc0whwurkie130bc.jpg]
[external-preview.redd.it/HMSARnBYv4Y366F62d2hRyixBJ3H84y33oF6a2VqiE4c1ad.jpeg]
[www.redditstatic.com/avatars/defaults/v2/avatar_default_1.png]
[styles.redditmedia.com/t5_5w5yid/styles/image_widget_tv0hoaxcaowa18856.jpeg]
[styles.redditmedia.com/t5_5w5yid/styles/image_widget_nsl6eayhbowa1bc7d.jpeg]
[styles.redditmedia.com/t5_5w5yid/styles/image_widget_aim3yjrfcowa18b3d.jpeg]
[styles.redditmedia.com/t5_2rjhf/styles/communityIcon_c2cu7gbxcexc13708.png]
[styles.redditmedia.com/t5_2wju0/styles/communityIcon_i56gkdnd4nk61f7cb.png]
[styles.redditmedia.com/t5_4iya7l/styles/communityIcon_n3ojua15vv271a3fa.png]
[styles.redditmedia.com/t5_7vgt2c/styles/communityIcon_xtgnmipzycta14d1b.png]
[www.redditstatic.com/shreddit/en-US/left-nav-recent-section-client-js-416e7660.js]
[www.redditstatic.com/shreddit/en-US/wiki-view-revision-modal-client-js-a0b91639.js]
[www.redditstatic.com/shreddit/en-US/login-step-client-js-96e01899.js]
[www.redditstatic.com/shreddit/en-US/register-step-client-js-2dd136d6.js]
[www.redditstatic.com/shreddit/en-US/recovery-step-client-js-27ca06b8.js]
[www.redditstatic.com/shreddit/en-US/phone-auth-client-js-9de6173f.js]
[www.redditstatic.com/shreddit/en-US/onboarding-flow-language-picker-client-js-be9c8420.js,https_/www.redditstatic.com/shreddit/en-US/onboarding-flow-client-js-71ba4759.js]
[www.redditstatic.com/shreddit/en-US/sso-linking-step-client-js-dd5c1aee.js]
[www.redditstatic.com/shreddit/en-US/answers-register-step-client-js-2dd136d6.js]
[www.xverse.app/downloadfee0.html]
